Archive member included because of file (symbol)

/Users/joeygough/Documents/sloeber-workspace/localServer/Release/arduino.ar(variant.cpp.o)
                              ./libraries/SPI/SPI.cpp.o (sercom2)
/Users/joeygough/Documents/sloeber-workspace/localServer/Release/arduino.ar(CDC.cpp.o)
                              ./ClientHandler.cpp.o (Serial_::write(unsigned char))
/Users/joeygough/Documents/sloeber-workspace/localServer/Release/arduino.ar(USBCore.cpp.o)
                              /Users/joeygough/Documents/sloeber-workspace/localServer/Release/arduino.ar(CDC.cpp.o) (USBDeviceClass::available(unsigned long))
/Users/joeygough/Documents/sloeber-workspace/localServer/Release/arduino.ar(IPAddress.cpp.o)
                              ./libraries/WiFi101/src/WiFi.cpp.o (IPAddress::IPAddress())
/Users/joeygough/Documents/sloeber-workspace/localServer/Release/arduino.ar(Print.cpp.o)
                              ./libraries/WiFi101/src/WiFiClient.cpp.o (Print::write(unsigned char const*, unsigned int))
/Users/joeygough/Documents/sloeber-workspace/localServer/Release/arduino.ar(Reset.cpp.o)
                              /Users/joeygough/Documents/sloeber-workspace/localServer/Release/arduino.ar(CDC.cpp.o) (initiateReset)
/Users/joeygough/Documents/sloeber-workspace/localServer/Release/arduino.ar(SERCOM.cpp.o)
                              /Users/joeygough/Documents/sloeber-workspace/localServer/Release/arduino.ar(variant.cpp.o) (SERCOM::SERCOM(Sercom*))
/Users/joeygough/Documents/sloeber-workspace/localServer/Release/arduino.ar(Uart.cpp.o)
                              /Users/joeygough/Documents/sloeber-workspace/localServer/Release/arduino.ar(variant.cpp.o) (Uart::Uart(SERCOM*, unsigned char, unsigned char, SercomRXPad, SercomUartTXPad))
/Users/joeygough/Documents/sloeber-workspace/localServer/Release/arduino.ar(WInterrupts.c.o)
                              ./libraries/WiFi101/src/bsp/source/nm_bsp_arduino.c.o (attachInterrupt)
/Users/joeygough/Documents/sloeber-workspace/localServer/Release/arduino.ar(WString.cpp.o)
                              ./ClientHandler.cpp.o (String::~String())
/Users/joeygough/Documents/sloeber-workspace/localServer/Release/arduino.ar(abi.cpp.o)
                              ./libraries/WiFi101/src/WiFiClient.cpp.o (__cxa_pure_virtual)
/Users/joeygough/Documents/sloeber-workspace/localServer/Release/arduino.ar(cortex_handlers.c.o)
                              (Reset_Handler)
/Users/joeygough/Documents/sloeber-workspace/localServer/Release/arduino.ar(delay.c.o)
                              ./libraries/WiFi101/src/utility/WiFiSocket.cpp.o (millis)
/Users/joeygough/Documents/sloeber-workspace/localServer/Release/arduino.ar(hooks.c.o)
                              /Users/joeygough/Documents/sloeber-workspace/localServer/Release/arduino.ar(delay.c.o) (yield)
/Users/joeygough/Documents/sloeber-workspace/localServer/Release/arduino.ar(itoa.c.o)
                              /Users/joeygough/Documents/sloeber-workspace/localServer/Release/arduino.ar(WString.cpp.o) (ltoa)
/Users/joeygough/Documents/sloeber-workspace/localServer/Release/arduino.ar(main.cpp.o)
                              /Applications/sloeber.app/Contents/Eclipse/arduinoPlugin/packages/arduino/tools/arm-none-eabi-gcc/4.8.3-2014q1/bin/../lib/gcc/arm-none-eabi/4.8.3/../../../../arm-none-eabi/lib/armv6-m/crt0.o (main)
/Users/joeygough/Documents/sloeber-workspace/localServer/Release/arduino.ar(new.cpp.o)
                              /Users/joeygough/Documents/sloeber-workspace/localServer/Release/arduino.ar(USBCore.cpp.o) (operator new(unsigned int))
/Users/joeygough/Documents/sloeber-workspace/localServer/Release/arduino.ar(startup.c.o)
                              /Users/joeygough/Documents/sloeber-workspace/localServer/Release/arduino.ar(cortex_handlers.c.o) (SystemInit)
/Users/joeygough/Documents/sloeber-workspace/localServer/Release/arduino.ar(wiring.c.o)
                              /Users/joeygough/Documents/sloeber-workspace/localServer/Release/arduino.ar(main.cpp.o) (init)
/Users/joeygough/Documents/sloeber-workspace/localServer/Release/arduino.ar(wiring_analog.c.o)
                              /Users/joeygough/Documents/sloeber-workspace/localServer/Release/arduino.ar(wiring.c.o) (analogReference)
/Users/joeygough/Documents/sloeber-workspace/localServer/Release/arduino.ar(wiring_digital.c.o)
                              ./sloeber.ino.cpp.o (pinMode)
/Users/joeygough/Documents/sloeber-workspace/localServer/Release/arduino.ar(wiring_private.c.o)
                              ./libraries/SPI/SPI.cpp.o (pinPeripheral)
/Users/joeygough/Documents/sloeber-workspace/localServer/Release/arduino.ar(dtostrf.c.o)
                              /Users/joeygough/Documents/sloeber-workspace/localServer/Release/arduino.ar(WString.cpp.o) (dtostrf)
/Users/joeygough/Documents/sloeber-workspace/localServer/Release/arduino.ar(PluggableUSB.cpp.o)
[...]
Memory Configuration

Name             Origin             Length             Attributes
FLASH            0x0000000000002000 0x000000000003e000 xr
RAM              0x0000000020000000 0x0000000000008000 xrw
*default*        0x0000000000000000 0xffffffffffffffff

Linker script and memory map

LOAD /Applications/sloeber.app/Contents/Eclipse/arduinoPlugin/packages/arduino/tools/arm-none-eabi-gcc/4.8.3-2014q1/bin/../lib/gcc/arm-none-eabi/4.8.3/armv6-m/crti.o
LOAD /Applications/sloeber.app/Contents/Eclipse/arduinoPlugin/packages/arduino/tools/arm-none-eabi-gcc/4.8.3-2014q1/bin/../lib/gcc/arm-none-eabi/4.8.3/armv6-m/crtbegin.o
LOAD /Applications/sloeber.app/Contents/Eclipse/arduinoPlugin/packages/arduino/tools/arm-none-eabi-gcc/4.8.3-2014q1/bin/../lib/gcc/arm-none-eabi/4.8.3/../../../../arm-none-eabi/lib/armv6-m/crt0.o
LOAD ./ClientHandler.cpp.o
LOAD ./sloeber.ino.cpp.o
LOAD ./libraries/WiFi101/src/utility/WiFiSocket.cpp.o
LOAD ./libraries/WiFi101/src/spi_flash/source/spi_flash.c.o
LOAD ./libraries/WiFi101/src/socket/source/socket.c.o
LOAD ./libraries/WiFi101/src/driver/source/m2m_ate_mode.c.o
LOAD ./libraries/WiFi101/src/driver/source/m2m_crypto.c.o
LOAD ./libraries/WiFi101/src/driver/source/m2m_hif.c.o
LOAD ./libraries/WiFi101/src/driver/source/m2m_ota.c.o
LOAD ./libraries/WiFi101/src/driver/source/m2m_periph.c.o
LOAD ./libraries/WiFi101/src/driver/source/m2m_ssl.c.o
LOAD ./libraries/WiFi101/src/driver/source/m2m_wifi.c.o
LOAD ./libraries/WiFi101/src/driver/source/nmasic.c.o
LOAD ./libraries/WiFi101/src/driver/source/nmbus.c.o
LOAD ./libraries/WiFi101/src/driver/source/nmdrv.c.o
LOAD ./libraries/WiFi101/src/driver/source/nmi2c.c.o
LOAD ./libraries/WiFi101/src/driver/source/nmspi.c.o
LOAD ./libraries/WiFi101/src/driver/source/nmuart.c.o
LOAD ./libraries/WiFi101/src/common/source/nm_common.c.o
LOAD ./libraries/WiFi101/src/bus_wrapper/source/nm_bus_wrapper_samd21.cpp.o
LOAD ./libraries/WiFi101/src/bsp/source/nm_bsp_arduino.c.o
LOAD ./libraries/WiFi101/src/bsp/source/nm_bsp_arduino_avr.c.o
LOAD ./libraries/WiFi101/src/WiFi.cpp.o
LOAD ./libraries/WiFi101/src/WiFiClient.cpp.o
LOAD ./libraries/WiFi101/src/WiFiMDNSResponder.cpp.o
LOAD ./libraries/WiFi101/src/WiFiSSLClient.cpp.o
LOAD ./libraries/WiFi101/src/WiFiServer.cpp.o
LOAD ./libraries/WiFi101/src/WiFiUdp.cpp.o
LOAD ./libraries/SPI/SPI.cpp.o
LOAD ./libraries/ArduinoThread/Thread.cpp.o
LOAD ./libraries/ArduinoThread/ThreadController.cpp.o
START GROUP
LOAD /Applications/sloeber.app/Contents/Eclipse//arduinoPlugin/packages/arduino/tools/CMSIS/4.5.0/CMSIS/Lib/GCC//libarm_cortexM0l_math.a
LOAD /Applications/sloeber.app/Contents/Eclipse/arduinoPlugin/packages/arduino/tools/arm-none-eabi-gcc/4.8.3-2014q1/bin/../lib/gcc/arm-none-eabi/4.8.3/../../../../arm-none-eabi/lib/armv6-m/libm.a
LOAD /Users/joeygough/Documents/sloeber-workspace/localServer/Release/arduino.ar
END GROUP
START GROUP
LOAD /Applications/sloeber.app/Contents/Eclipse/arduinoPlugin/packages/arduino/tools/arm-none-eabi-gcc/4.8.3-2014q1/bin/../lib/gcc/arm-none-eabi/4.8.3/armv6-m/libgcc.a
LOAD /Applications/sloeber.app/Contents/Eclipse/arduinoPlugin/packages/arduino/tools/arm-none-eabi-gcc/4.8.3-2014q1/bin/../lib/gcc/arm-none-eabi/4.8.3/../../../../arm-none-eabi/lib/armv6-m/libc_s.a
END GROUP
START GROUP
LOAD /Applications/sloeber.app/Contents/Eclipse/arduinoPlugin/packages/arduino/tools/arm-none-eabi-gcc/4.8.3-2014q1/bin/../lib/gcc/arm-none-eabi/4.8.3/armv6-m/libgcc.a
LOAD /Applications/sloeber.app/Contents/Eclipse/arduinoPlugin/packages/arduino/tools/arm-none-eabi-gcc/4.8.3-2014q1/bin/../lib/gcc/arm-none-eabi/4.8.3/../../../../arm-none-eabi/lib/armv6-m/libc_s.a
LOAD /Applications/sloeber.app/Contents/Eclipse/arduinoPlugin/packages/arduino/tools/arm-none-eabi-gcc/4.8.3-2014q1/bin/../lib/gcc/arm-none-eabi/4.8.3/../../../../arm-none-eabi/lib/armv6-m/libnosys.a
END GROUP
START GROUP
LOAD /Applications/sloeber.app/Contents/Eclipse/arduinoPlugin/packages/arduino/tools/arm-none-eabi-gcc/4.8.3-2014q1/bin/../lib/gcc/arm-none-eabi/4.8.3/armv6-m/libgcc.a
LOAD /Applications/sloeber.app/Contents/Eclipse/arduinoPlugin/packages/arduino/tools/arm-none-eabi-gcc/4.8.3-2014q1/bin/../lib/gcc/arm-none-eabi/4.8.3/../../../../arm-none-eabi/lib/armv6-m/libc_s.a
LOAD /Applications/sloeber.app/Contents/Eclipse/arduinoPlugin/packages/arduino/tools/arm-none-eabi-gcc/4.8.3-2014q1/bin/../lib/gcc/arm-none-eabi/4.8.3/../../../../arm-none-eabi/lib/armv6-m/libnosys.a
END GROUP
LOAD /Applications/sloeber.app/Contents/Eclipse/arduinoPlugin/packages/arduino/tools/arm-none-eabi-gcc/4.8.3-2014q1/bin/../lib/gcc/arm-none-eabi/4.8.3/armv6-m/crtend.o
LOAD /Applications/sloeber.app/Contents/Eclipse/arduinoPlugin/packages/arduino/tools/arm-none-eabi-gcc/4.8.3-2014q1/bin/../lib/gcc/arm-none-eabi/4.8.3/armv6-m/crtn.o

.text           0x0000000000002000     0xa918
                0x0000000000002000                __text_start__ = .
 *(.sketch_boot)
                0x0000000000002000                . = ALIGN (0x2000)
 *(.isr_vector)
 .isr_vector    0x0000000000002000       0xb4 /Users/joeygough/Documents/sloeber-workspace/localServer/Release/arduino.ar(cortex_handlers.c.o)
                0x0000000000002000                exception_table
 *(.text*)
 .text          0x00000000000020b4       0x60 /Applications/sloeber.app/Contents/Eclipse/arduinoPlugin/packages/arduino/tools/arm-none-eabi-gcc/4.8.3-2014q1/bin/../lib/gcc/arm-none-eabi/4.8.3/armv6-m/crtbegin.o
 .text._ZN13ClientHandlerD2Ev
                0x0000000000002114        0xc ./ClientHandler.cpp.o
                0x0000000000002114                ClientHandler::~ClientHandler()
                0x0000000000002114                ClientHandler::~ClientHandler()
 .text._ZN13ClientHandlerD0Ev
                0x0000000000002120       0x18 ./ClientHandler.cpp.o
                0x0000000000002120                ClientHandler::~ClientHandler()
 .text._ZN13ClientHandlerC2E10WiFiClient
                0x0000000000002138       0x38 ./ClientHandler.cpp.o
                0x0000000000002138                ClientHandler::ClientHandler(WiFiClient)
                0x0000000000002138                ClientHandler::ClientHandler(WiFiClient)
 .text._ZN13ClientHandler7messageEv
                0x0000000000002170       0x34 ./ClientHandler.cpp.o
                0x0000000000002170                ClientHandler::message()
 .text.startup._GLOBAL__sub_I__ZN13ClientHandlerC2E10WiFiClient
                0x00000000000021a4       0x18 ./ClientHandler.cpp.o
 .text._ZN13ClientHandler3runEv
                0x00000000000021bc      0x198 ./ClientHandler.cpp.o
                0x00000000000021bc                ClientHandler::run()
 .text._ZN5Print17availableForWriteEv
                0x0000000000002354        0x4 ./sloeber.ino.cpp.o
                0x0000000000002354                Print::availableForWrite()
 .text._ZN5Print5flushEv
                0x0000000000002358        0x2 ./sloeber.ino.cpp.o
                0x0000000000002358                Print::flush()
 *fill*         0x000000000000235a        0x2 
 .text._Z15printWiFiStatusv
                0x000000000000235c       0x90 ./sloeber.ino.cpp.o
                0x000000000000235c                printWiFiStatus()
 .text.startup._GLOBAL__sub_I_ip
                0x00000000000023ec       0x38 ./sloeber.ino.cpp.o
 .text.setup    0x0000000000002424       0xa8 ./sloeber.ino.cpp.o
                0x0000000000002424                setup
 .text.loop     0x00000000000024cc       0x50 ./sloeber.ino.cpp.o
                0x00000000000024cc                loop
 .text._ZN15WiFiSocketClassD2Ev
                0x000000000000251c        0xc ./libraries/WiFi101/src/utility/WiFiSocket.cpp.o
                0x000000000000251c                WiFiSocketClass::~WiFiSocketClass()
                0x000000000000251c                WiFiSocketClass::~WiFiSocketClass()
 .text._ZN15WiFiSocketClassD0Ev
                0x0000000000002528       0x18 ./libraries/WiFi101/src/utility/WiFiSocket.cpp.o
                0x0000000000002528                WiFiSocketClass::~WiFiSocketClass()
 .text._ZN15WiFiSocketClassC2Ev
                0x0000000000002540       0x2c ./libraries/WiFi101/src/utility/WiFiSocket.cpp.o
                0x0000000000002540                WiFiSocketClass::WiFiSocketClass()
                0x0000000000002540                WiFiSocketClass::WiFiSocketClass()
 .text._ZN15WiFiSocketClass6createEthh
                0x000000000000256c       0x22 ./libraries/WiFi101/src/utility/WiFiSocket.cpp.o
                0x000000000000256c                WiFiSocketClass::create(unsigned short, unsigned char, unsigned char)
 *fill*         0x000000000000258e        0x2 
 .text._ZN15WiFiSocketClass4bindEaP8sockaddrh
                0x0000000000002590       0x68 ./libraries/WiFi101/src/utility/WiFiSocket.cpp.o
                0x0000000000002590                WiFiSocketClass::bind(signed char, sockaddr*, unsigned char)
 .text._ZN15WiFiSocketClass6listenEah
                0x00000000000025f8       0x50 ./libraries/WiFi101/src/utility/WiFiSocket.cpp.o
                0x00000000000025f8                WiFiSocketClass::listen(signed char, unsigned char)
 .text._ZN15WiFiSocketClass6setoptEahhPKvt
                0x0000000000002648       0x18 ./libraries/WiFi101/src/utility/WiFiSocket.cpp.o
                0x0000000000002648                WiFiSocketClass::setopt(signed char, unsigned char, unsigned char, void const*, unsigned short)
 .text._ZN15WiFiSocketClass7connectEaP8sockaddrh
                0x0000000000002660       0x7c ./libraries/WiFi101/src/utility/WiFiSocket.cpp.o
                0x0000000000002660                WiFiSocketClass::connect(signed char, sockaddr*, unsigned char)
 .text._ZN15WiFiSocketClass9connectedEa
                0x00000000000026dc       0x1e ./libraries/WiFi101/src/utility/WiFiSocket.cpp.o
                0x00000000000026dc                WiFiSocketClass::connected(signed char)
 .text._ZN15WiFiSocketClass9listeningEa
                0x00000000000026fa       0x1e ./libraries/WiFi101/src/utility/WiFiSocket.cpp.o
                0x00000000000026fa                WiFiSocketClass::listening(signed char)
 .text._ZN15WiFiSocketClass9availableEa
                0x0000000000002718       0x2e ./libraries/WiFi101/src/utility/WiFiSocket.cpp.o
                0x0000000000002718                WiFiSocketClass::available(signed char)
 .text._ZN15WiFiSocketClass8remoteIPEa
                0x0000000000002746       0x14 ./libraries/WiFi101/src/utility/WiFiSocket.cpp.o
                0x0000000000002746                WiFiSocketClass::remoteIP(signed char)
 .text._ZN15WiFiSocketClass10remotePortEa
                0x000000000000275a        0xa ./libraries/WiFi101/src/utility/WiFiSocket.cpp.o
                0x000000000000275a                WiFiSocketClass::remotePort(signed char)
 .text._ZN15WiFiSocketClass5writeEaPKhj
                0x0000000000002764       0x48 ./libraries/WiFi101/src/utility/WiFiSocket.cpp.o
                0x0000000000002764                WiFiSocketClass::write(signed char, unsigned char const*, unsigned int)
 .text._ZN15WiFiSocketClass5closeEa
                0x00000000000027ac       0x62 ./libraries/WiFi101/src/utility/WiFiSocket.cpp.o
                0x00000000000027ac                WiFiSocketClass::close(signed char)
 .text._ZN15WiFiSocketClass9hasParentEaa
                0x000000000000280e       0x12 ./libraries/WiFi101/src/utility/WiFiSocket.cpp.o
                0x000000000000280e                WiFiSocketClass::hasParent(signed char, signed char)
 .text._ZN15WiFiSocketClass8acceptedEa
                0x0000000000002820       0x48 ./libraries/WiFi101/src/utility/WiFiSocket.cpp.o
                0x0000000000002820                WiFiSocketClass::accepted(signed char)
 .text._ZN15WiFiSocketClass14fillRecvBufferEa
                0x0000000000002868       0x78 ./libraries/WiFi101/src/utility/WiFiSocket.cpp.o
                0x0000000000002868                WiFiSocketClass::fillRecvBuffer(signed char)
 .text._ZN15WiFiSocketClass4peekEa
                0x00000000000028e0       0x5e ./libraries/WiFi101/src/utility/WiFiSocket.cpp.o
                0x00000000000028e0                WiFiSocketClass::peek(signed char)
 .text._ZN15WiFiSocketClass4readEaPhj
                0x000000000000293e       0xe8 ./libraries/WiFi101/src/utility/WiFiSocket.cpp.o
                0x000000000000293e                WiFiSocketClass::read(signed char, unsigned char*, unsigned int)
 .text._ZN15WiFiSocketClass11handleEventEahPv
                0x0000000000002a26       0xec ./libraries/WiFi101/src/utility/WiFiSocket.cpp.o
                0x0000000000002a26                WiFiSocketClass::handleEvent(signed char, unsigned char, void*)
 *fill*         0x0000000000002b12        0x2 
 .text._ZN15WiFiSocketClass13eventCallbackEahPv
                0x0000000000002b14       0x18 ./libraries/WiFi101/src/utility/WiFiSocket.cpp.o
                0x0000000000002b14                WiFiSocketClass::eventCallback(signed char, unsigned char, void*)
 .text.startup._GLOBAL__sub_I__ZN15WiFiSocketClassC2Ev
                0x0000000000002b2c       0x34 ./libraries/WiFi101/src/utility/WiFiSocket.cpp.o
 .text.spi_flash_enable
                0x0000000000002b60       0xd8 ./libraries/WiFi101/src/spi_flash/source/spi_flash.c.o
                0x0000000000002b60                spi_flash_enable
 .text.m2m_ip_cb
                0x0000000000002c38      0x29c ./libraries/WiFi101/src/socket/source/socket.c.o
 .text.socketInit
                0x0000000000002ed4       0x38 ./libraries/WiFi101/src/socket/source/socket.c.o
                0x0000000000002ed4                socketInit
 .text.registerSocketCallback
                0x0000000000002f0c       0x14 ./libraries/WiFi101/src/socket/source/socket.c.o
                0x0000000000002f0c                registerSocketCallback
 .text.socket   0x0000000000002f20       0xe8 ./libraries/WiFi101/src/socket/source/socket.c.o
                0x0000000000002f20                socket
 .text.bind     0x0000000000003008       0x64 ./libraries/WiFi101/src/socket/source/socket.c.o
                0x0000000000003008                bind
 .text.listen   0x000000000000306c       0x48 ./libraries/WiFi101/src/socket/source/socket.c.o
                0x000000000000306c                listen
 .text.connect  0x00000000000030b4       0x70 ./libraries/WiFi101/src/socket/source/socket.c.o
                0x00000000000030b4                connect
 .text.send     0x0000000000003124       0x94 ./libraries/WiFi101/src/socket/source/socket.c.o
                0x0000000000003124                send
 .text.recv     0x00000000000031b8       0x78 ./libraries/WiFi101/src/socket/source/socket.c.o
                0x00000000000031b8                recv
 .text.close    0x0000000000003230       0x60 ./libraries/WiFi101/src/socket/source/socket.c.o
                0x0000000000003230                close
 .text.recvfrom
                0x0000000000003290       0x7c ./libraries/WiFi101/src/socket/source/socket.c.o
                0x0000000000003290                recvfrom
 .text.gethostbyname
                0x000000000000330c       0x2e ./libraries/WiFi101/src/socket/source/socket.c.o
                0x000000000000330c                gethostbyname
 *fill*         0x000000000000333a        0x2 
 .text.setsockopt
                0x000000000000333c      0x118 ./libraries/WiFi101/src/socket/source/socket.c.o
                0x000000000000333c                setsockopt
 .text.isr      0x0000000000003454       0x10 ./libraries/WiFi101/src/driver/source/m2m_hif.c.o
 .text.m2m_hif_cb
                0x0000000000003464        0x2 ./libraries/WiFi101/src/driver/source/m2m_hif.c.o
 *fill*         0x0000000000003466        0x2 
 .text.hif_set_rx_done
                0x0000000000003468       0x3c ./libraries/WiFi101/src/driver/source/m2m_hif.c.o
 .text.hif_chip_wake
                0x00000000000034a4       0x34 ./libraries/WiFi101/src/driver/source/m2m_hif.c.o
                0x00000000000034a4                hif_chip_wake
 .text.hif_chip_sleep_sc
                0x00000000000034d8       0x18 ./libraries/WiFi101/src/driver/source/m2m_hif.c.o
                0x00000000000034d8                hif_chip_sleep_sc
 .text.hif_chip_sleep
                0x00000000000034f0       0x2c ./libraries/WiFi101/src/driver/source/m2m_hif.c.o
                0x00000000000034f0                hif_chip_sleep
 .text.hif_init
                0x000000000000351c       0x28 ./libraries/WiFi101/src/driver/source/m2m_hif.c.o
                0x000000000000351c                hif_init
 .text.hif_send
                0x0000000000003544      0x190 ./libraries/WiFi101/src/driver/source/m2m_hif.c.o
                0x0000000000003544                hif_send
 .text.hif_handle_isr
                0x00000000000036d4      0x160 ./libraries/WiFi101/src/driver/source/m2m_hif.c.o
                0x00000000000036d4                hif_handle_isr
 .text.hif_receive
                0x0000000000003834       0x58 ./libraries/WiFi101/src/driver/source/m2m_hif.c.o
                0x0000000000003834                hif_receive
 .text.hif_register_cb
                0x000000000000388c       0x3c ./libraries/WiFi101/src/driver/source/m2m_hif.c.o
                0x000000000000388c                hif_register_cb
 .text.m2m_ssl_set_active_ciphersuites
                0x00000000000038c8       0x1c ./libraries/WiFi101/src/driver/source/m2m_ssl.c.o
                0x00000000000038c8                m2m_ssl_set_active_ciphersuites
 .text.m2m_wifi_cb
                0x00000000000038e4      0x188 ./libraries/WiFi101/src/driver/source/m2m_wifi.c.o
 .text.m2m_validate_ap_parameters
                0x0000000000003a6c       0x96 ./libraries/WiFi101/src/driver/source/m2m_wifi.c.o
 *fill*         0x0000000000003b02        0x2 
 .text.m2m_wifi_init
                0x0000000000003b04       0x70 ./libraries/WiFi101/src/driver/source/m2m_wifi.c.o
                0x0000000000003b04                m2m_wifi_init
 .text.m2m_wifi_handle_events
                0x0000000000003b74        0x8 ./libraries/WiFi101/src/driver/source/m2m_wifi.c.o
                0x0000000000003b74                m2m_wifi_handle_events
 .text.m2m_wifi_default_connect
                0x0000000000003b7c       0x18 ./libraries/WiFi101/src/driver/source/m2m_wifi.c.o
                0x0000000000003b7c                m2m_wifi_default_connect
 .text.m2m_wifi_connect_sc
                0x0000000000003b94      0x10c ./libraries/WiFi101/src/driver/source/m2m_wifi.c.o
                0x0000000000003b94                m2m_wifi_connect_sc
 .text.m2m_wifi_connect
                0x0000000000003ca0       0x12 ./libraries/WiFi101/src/driver/source/m2m_wifi.c.o
                0x0000000000003ca0                m2m_wifi_connect
 .text.m2m_wifi_set_static_ip
                0x0000000000003cb2       0x1a ./libraries/WiFi101/src/driver/source/m2m_wifi.c.o
                0x0000000000003cb2                m2m_wifi_set_static_ip
 .text.m2m_wifi_enable_dhcp
                0x0000000000003ccc       0x1c ./libraries/WiFi101/src/driver/source/m2m_wifi.c.o
                0x0000000000003ccc                m2m_wifi_enable_dhcp
 .text.m2m_wifi_req_curr_rssi
                0x0000000000003ce8       0x18 ./libraries/WiFi101/src/driver/source/m2m_wifi.c.o
                0x0000000000003ce8                m2m_wifi_req_curr_rssi
 .text.m2m_wifi_get_mac_address
                0x0000000000003d00       0x1e ./libraries/WiFi101/src/driver/source/m2m_wifi.c.o
                0x0000000000003d00                m2m_wifi_get_mac_address
 *fill*         0x0000000000003d1e        0x2 
 .text.m2m_wifi_start_provision_mode
                0x0000000000003d20       0x94 ./libraries/WiFi101/src/driver/source/m2m_wifi.c.o
                0x0000000000003d20                m2m_wifi_start_provision_mode
 .text.m2m_wifi_get_connection_info
                0x0000000000003db4       0x18 ./libraries/WiFi101/src/driver/source/m2m_wifi.c.o
                0x0000000000003db4                m2m_wifi_get_connection_info
 .text.chip_apply_conf
                0x0000000000003dcc       0x2c ./libraries/WiFi101/src/driver/source/nmasic.c.o
                0x0000000000003dcc                chip_apply_conf
 .text.enable_interrupts
                0x0000000000003df8       0x50 ./libraries/WiFi101/src/driver/source/nmasic.c.o
                0x0000000000003df8                enable_interrupts
 .text.nmi_get_chipid
                0x0000000000003e48       0xac ./libraries/WiFi101/src/driver/source/nmasic.c.o
                0x0000000000003e48                nmi_get_chipid
 .text.chip_sleep
                0x0000000000003ef4       0x5e ./libraries/WiFi101/src/driver/source/nmasic.c.o
                0x0000000000003ef4                chip_sleep
 .text.chip_wake
                0x0000000000003f52       0x7c ./libraries/WiFi101/src/driver/source/nmasic.c.o
                0x0000000000003f52                chip_wake
 *fill*         0x0000000000003fce        0x2 
 .text.wait_for_bootrom
                0x0000000000003fd0       0xd0 ./libraries/WiFi101/src/driver/source/nmasic.c.o
                0x0000000000003fd0                wait_for_bootrom
 .text.wait_for_firmware_start
                0x00000000000040a0       0x60 ./libraries/WiFi101/src/driver/source/nmasic.c.o
                0x00000000000040a0                wait_for_firmware_start
 .text.chip_deinit
                0x0000000000004100       0x2c ./libraries/WiFi101/src/driver/source/nmasic.c.o
                0x0000000000004100                chip_deinit
 .text.nmi_get_mac_address
                0x000000000000412c       0x74 ./libraries/WiFi101/src/driver/source/nmasic.c.o
                0x000000000000412c                nmi_get_mac_address
 .text.nm_bus_iface_init
                0x00000000000041a0        0x8 ./libraries/WiFi101/src/driver/source/nmbus.c.o
                0x00000000000041a0                nm_bus_iface_init
 .text.nm_bus_iface_deinit
                0x00000000000041a8        0x8 ./libraries/WiFi101/src/driver/source/nmbus.c.o
                0x00000000000041a8                nm_bus_iface_deinit
 .text.nm_bus_reset
                0x00000000000041b0        0x8 ./libraries/WiFi101/src/driver/source/nmbus.c.o
                0x00000000000041b0                nm_bus_reset
 .text.nm_read_reg
                0x00000000000041b8        0x8 ./libraries/WiFi101/src/driver/source/nmbus.c.o
                0x00000000000041b8                nm_read_reg
 .text.nm_read_reg_with_ret
                0x00000000000041c0        0x8 ./libraries/WiFi101/src/driver/source/nmbus.c.o
                0x00000000000041c0                nm_read_reg_with_ret
 .text.nm_write_reg
                0x00000000000041c8        0x8 ./libraries/WiFi101/src/driver/source/nmbus.c.o
                0x00000000000041c8                nm_write_reg
 .text.nm_read_block
                0x00000000000041d0       0x40 ./libraries/WiFi101/src/driver/source/nmbus.c.o
                0x00000000000041d0                nm_read_block
 .text.nm_write_block
                0x0000000000004210       0x40 ./libraries/WiFi101/src/driver/source/nmbus.c.o
                0x0000000000004210                nm_write_block
 .text.nm_get_firmware_info
                0x0000000000004250       0xac ./libraries/WiFi101/src/driver/source/nmdrv.c.o
                0x0000000000004250                nm_get_firmware_info
 .text.nm_get_firmware_full_info
                0x00000000000042fc       0xb4 ./libraries/WiFi101/src/driver/source/nmdrv.c.o
                0x00000000000042fc                nm_get_firmware_full_info
 .text.nm_drv_init
                0x00000000000043b0       0x70 ./libraries/WiFi101/src/driver/source/nmdrv.c.o
                0x00000000000043b0                nm_drv_init
 .text.nm_drv_deinit
                0x0000000000004420       0x22 ./libraries/WiFi101/src/driver/source/nmdrv.c.o
                0x0000000000004420                nm_drv_deinit
 .text.nmi_spi_write
                0x0000000000004442       0x18 ./libraries/WiFi101/src/driver/source/nmspi.c.o
 .text.nmi_spi_read
                0x000000000000445a       0x18 ./libraries/WiFi101/src/driver/source/nmspi.c.o
 .text.spi_cmd_rsp
                0x0000000000004472       0x68 ./libraries/WiFi101/src/driver/source/nmspi.c.o
 *fill*         0x00000000000044da        0x2 
 .text.spi_data_read
                0x00000000000044dc       0x8c ./libraries/WiFi101/src/driver/source/nmspi.c.o
 .text.spi_cmd  0x0000000000004568      0x108 ./libraries/WiFi101/src/driver/source/nmspi.c.o
 .text.spi_write_reg
                0x0000000000004670       0x66 ./libraries/WiFi101/src/driver/source/nmspi.c.o
 .text.spi_read_reg
                0x00000000000046d6       0x94 ./libraries/WiFi101/src/driver/source/nmspi.c.o
 .text.nm_spi_reset
                0x000000000000476a       0x1c ./libraries/WiFi101/src/driver/source/nmspi.c.o
                0x000000000000476a                nm_spi_reset
 *fill*         0x0000000000004786        0x2 
 .text.nm_spi_deinit
                0x0000000000004788        0xc ./libraries/WiFi101/src/driver/source/nmspi.c.o
                0x0000000000004788                nm_spi_deinit
 .text.nm_spi_read_reg
                0x0000000000004794        0xc ./libraries/WiFi101/src/driver/source/nmspi.c.o
                0x0000000000004794                nm_spi_read_reg
 .text.nm_spi_read_reg_with_ret
                0x00000000000047a0       0x14 ./libraries/WiFi101/src/driver/source/nmspi.c.o
                0x00000000000047a0                nm_spi_read_reg_with_ret
 .text.nm_spi_write_reg
                0x00000000000047b4       0x14 ./libraries/WiFi101/src/driver/source/nmspi.c.o
                0x00000000000047b4                nm_spi_write_reg
 .text.nm_spi_init
                0x00000000000047c8       0x80 ./libraries/WiFi101/src/driver/source/nmspi.c.o
                0x00000000000047c8                nm_spi_init
 .text.nm_spi_read_block
                0x0000000000004848       0xa2 ./libraries/WiFi101/src/driver/source/nmspi.c.o
                0x0000000000004848                nm_spi_read_block
 *fill*         0x00000000000048ea        0x2 
 .text.nm_spi_write_block
                0x00000000000048ec      0x10c ./libraries/WiFi101/src/driver/source/nmspi.c.o
                0x00000000000048ec                nm_spi_write_block
 .text.m2m_memcpy
                0x00000000000049f8       0x12 ./libraries/WiFi101/src/common/source/nm_common.c.o
                0x00000000000049f8                m2m_memcpy
 .text.m2m_memset
                0x0000000000004a0a       0x10 ./libraries/WiFi101/src/common/source/nm_common.c.o
                0x0000000000004a0a                m2m_memset
 .text.m2m_strlen
                0x0000000000004a1a       0x14 ./libraries/WiFi101/src/common/source/nm_common.c.o
                0x0000000000004a1a                m2m_strlen
 *fill*         0x0000000000004a2e        0x2 
 .text.nm_bus_init
                0x0000000000004a30       0x34 ./libraries/WiFi101/src/bus_wrapper/source/nm_bus_wrapper_samd21.cpp.o
                0x0000000000004a30                nm_bus_init
 .text.nm_bus_ioctl
                0x0000000000004a64       0x98 ./libraries/WiFi101/src/bus_wrapper/source/nm_bus_wrapper_samd21.cpp.o
                0x0000000000004a64                nm_bus_ioctl
 .text.nm_bus_deinit
                0x0000000000004afc       0x10 ./libraries/WiFi101/src/bus_wrapper/source/nm_bus_wrapper_samd21.cpp.o
                0x0000000000004afc                nm_bus_deinit
 .text.startup._GLOBAL__sub_I_egstrNmBusCapabilities
                0x0000000000004b0c       0x18 ./libraries/WiFi101/src/bus_wrapper/source/nm_bus_wrapper_samd21.cpp.o
 .text.chip_isr
                0x0000000000004b24       0x14 ./libraries/WiFi101/src/bsp/source/nm_bsp_arduino.c.o
 .text.attachInterruptMultiArch
                0x0000000000004b38        0x8 ./libraries/WiFi101/src/bsp/source/nm_bsp_arduino.c.o
                0x0000000000004b38                attachInterruptMultiArch
 .text.detachInterruptMultiArch
                0x0000000000004b40        0x8 ./libraries/WiFi101/src/bsp/source/nm_bsp_arduino.c.o
                0x0000000000004b40                detachInterruptMultiArch
 .text.nm_bsp_sleep
                0x0000000000004b48       0x14 ./libraries/WiFi101/src/bsp/source/nm_bsp_arduino.c.o
                0x0000000000004b48                nm_bsp_sleep
 .text.nm_bsp_reset
                0x0000000000004b5c       0x30 ./libraries/WiFi101/src/bsp/source/nm_bsp_arduino.c.o
                0x0000000000004b5c                nm_bsp_reset
 .text.nm_bsp_init
                0x0000000000004b8c       0x58 ./libraries/WiFi101/src/bsp/source/nm_bsp_arduino.c.o
                0x0000000000004b8c                nm_bsp_init
 .text.nm_bsp_register_isr
                0x0000000000004be4       0x24 ./libraries/WiFi101/src/bsp/source/nm_bsp_arduino.c.o
                0x0000000000004be4                nm_bsp_register_isr
 .text.nm_bsp_interrupt_ctrl
                0x0000000000004c08       0x28 ./libraries/WiFi101/src/bsp/source/nm_bsp_arduino.c.o
                0x0000000000004c08                nm_bsp_interrupt_ctrl
 .text._ZL10resolve_cbPhm
                0x0000000000004c30        0xc ./libraries/WiFi101/src/WiFi.cpp.o
 .text._ZL9socket_cbahPv
                0x0000000000004c3c        0x8 ./libraries/WiFi101/src/WiFi.cpp.o
 .text._ZN9WiFiClass4initEv
                0x0000000000004c44       0x70 ./libraries/WiFi101/src/WiFi.cpp.o
                0x0000000000004c44                WiFiClass::init()
 .text._ZN9WiFiClass5beginEv
                0x0000000000004cb4       0x8c ./libraries/WiFi101/src/WiFi.cpp.o
                0x0000000000004cb4                WiFiClass::begin()
 .text._ZN9WiFiClass12startConnectEPKchPKv
                0x0000000000004d40       0xb0 ./libraries/WiFi101/src/WiFi.cpp.o
                0x0000000000004d40                WiFiClass::startConnect(char const*, unsigned char, void const*)
 .text._ZN9WiFiClass5beginEPKcS1_
                0x0000000000004df0        0xc ./libraries/WiFi101/src/WiFi.cpp.o
                0x0000000000004df0                WiFiClass::begin(char const*, char const*)
 .text._ZN9WiFiClass14startProvisionEPKcS1_h
                0x0000000000004dfc       0xb0 ./libraries/WiFi101/src/WiFi.cpp.o
                0x0000000000004dfc                WiFiClass::startProvision(char const*, char const*, unsigned char)
 .text._ZN9WiFiClass6configE9IPAddressS0_S0_S0_
                0x0000000000004eac       0x46 ./libraries/WiFi101/src/WiFi.cpp.o
                0x0000000000004eac                WiFiClass::config(IPAddress, IPAddress, IPAddress, IPAddress)
 *fill*         0x0000000000004ef2        0x2 
 .text._ZN9WiFiClass6configE9IPAddressS0_S0_
                0x0000000000004ef4       0x3c ./libraries/WiFi101/src/WiFi.cpp.o
                0x0000000000004ef4                WiFiClass::config(IPAddress, IPAddress, IPAddress)
 .text._ZN9WiFiClass6configE9IPAddressS0_
                0x0000000000004f30       0x30 ./libraries/WiFi101/src/WiFi.cpp.o
                0x0000000000004f30                WiFiClass::config(IPAddress, IPAddress)
 .text._ZN9WiFiClass6configE9IPAddress
                0x0000000000004f60       0x24 ./libraries/WiFi101/src/WiFi.cpp.o
                0x0000000000004f60                WiFiClass::config(IPAddress)
 .text._ZN9WiFiClass10macAddressEPh
                0x0000000000004f84       0x26 ./libraries/WiFi101/src/WiFi.cpp.o
                0x0000000000004f84                WiFiClass::macAddress(unsigned char*)
 .text._ZN9WiFiClass7localIPEv
                0x0000000000004faa        0x4 ./libraries/WiFi101/src/WiFi.cpp.o
                0x0000000000004faa                WiFiClass::localIP()
 .text._ZN9WiFiClass4SSIDEv
                0x0000000000004fae       0x1a ./libraries/WiFi101/src/WiFi.cpp.o
                0x0000000000004fae                WiFiClass::SSID()
 .text._ZN9WiFiClass4RSSIEv
                0x0000000000004fc8       0x5c ./libraries/WiFi101/src/WiFi.cpp.o
                0x0000000000004fc8                WiFiClass::RSSI()
 .text._ZN9WiFiClass6statusEv
                0x0000000000005024       0x1a ./libraries/WiFi101/src/WiFi.cpp.o
                0x0000000000005024                WiFiClass::status()
 *fill*         0x000000000000503e        0x2 
 .text._ZN9WiFiClass14beginProvisionEh
                0x0000000000005040       0x44 ./libraries/WiFi101/src/WiFi.cpp.o
                0x0000000000005040                WiFiClass::beginProvision(unsigned char)
 .text._ZN9WiFiClass14beginProvisionEv
                0x0000000000005084        0xa ./libraries/WiFi101/src/WiFi.cpp.o
                0x0000000000005084                WiFiClass::beginProvision()
 *fill*         0x000000000000508e        0x2 
 .text._ZN9WiFiClass11handleEventEhPv
                0x0000000000005090      0x1e8 ./libraries/WiFi101/src/WiFi.cpp.o
                0x0000000000005090                WiFiClass::handleEvent(unsigned char, void*)
 .text._ZL7wifi_cbhPv
                0x0000000000005278       0x14 ./libraries/WiFi101/src/WiFi.cpp.o
 .text._ZN9WiFiClass10hostByNameEPKcR9IPAddress
                0x000000000000528c       0x60 ./libraries/WiFi101/src/WiFi.cpp.o
                0x000000000000528c                WiFiClass::hostByName(char const*, IPAddress&)
 .text.startup._GLOBAL__sub_I__ZN9WiFiClass11handleEventEhPv
                0x00000000000052ec       0x30 ./libraries/WiFi101/src/WiFi.cpp.o
 .text._ZN10WiFiClient5writeEh
                0x000000000000531c       0x14 ./libraries/WiFi101/src/WiFiClient.cpp.o
                0x000000000000531c                WiFiClient::write(unsigned char)
 .text._ZN10WiFiClient4readEv
                0x0000000000005330       0x1e ./libraries/WiFi101/src/WiFiClient.cpp.o
                0x0000000000005330                WiFiClient::read()
 .text._ZN10WiFiClient5flushEv
                0x000000000000534e        0x2 ./libraries/WiFi101/src/WiFiClient.cpp.o
                0x000000000000534e                WiFiClient::flush()
 .text._ZN10WiFiClientcvbEv
                0x0000000000005350        0xe ./libraries/WiFi101/src/WiFiClient.cpp.o
                0x0000000000005350                WiFiClient::operator bool()
 *fill*         0x000000000000535e        0x2 
 .text._ZN10WiFiClient4stopEv
                0x0000000000005360       0x1c ./libraries/WiFi101/src/WiFiClient.cpp.o
                0x0000000000005360                WiFiClient::stop()
 .text._ZN10WiFiClient9availableEv
                0x000000000000537c       0x18 ./libraries/WiFi101/src/WiFiClient.cpp.o
                0x000000000000537c                WiFiClient::available()
 .text._ZN10WiFiClient4readEPhj
                0x0000000000005394       0x30 ./libraries/WiFi101/src/WiFiClient.cpp.o
                0x0000000000005394                WiFiClient::read(unsigned char*, unsigned int)
 .text._ZN10WiFiClient4peekEv
                0x00000000000053c4       0x24 ./libraries/WiFi101/src/WiFiClient.cpp.o
                0x00000000000053c4                WiFiClient::peek()
 .text._ZN10WiFiClient9connectedEv
                0x00000000000053e8       0x1c ./libraries/WiFi101/src/WiFiClient.cpp.o
                0x00000000000053e8                WiFiClient::connected()
 .text._ZN10WiFiClient8remoteIPEv
                0x0000000000005404       0x28 ./libraries/WiFi101/src/WiFiClient.cpp.o
                0x0000000000005404                WiFiClient::remoteIP()
 .text._ZN10WiFiClient10remotePortEv
                0x000000000000542c       0x30 ./libraries/WiFi101/src/WiFiClient.cpp.o
                0x000000000000542c                WiFiClient::remotePort()
 .text._ZN10WiFiClient5writeEPKhj
                0x000000000000545c       0x40 ./libraries/WiFi101/src/WiFiClient.cpp.o
                0x000000000000545c                WiFiClient::write(unsigned char const*, unsigned int)
 .text._ZN10WiFiClientC2Ev
                0x000000000000549c       0x1c ./libraries/WiFi101/src/WiFiClient.cpp.o
                0x000000000000549c                WiFiClient::WiFiClient()
                0x000000000000549c                WiFiClient::WiFiClient()
 .text._ZN10WiFiClientC2Eh
                0x00000000000054b8       0x18 ./libraries/WiFi101/src/WiFiClient.cpp.o
                0x00000000000054b8                WiFiClient::WiFiClient(unsigned char)
                0x00000000000054b8                WiFiClient::WiFiClient(unsigned char)
 .text._ZN10WiFiClient7connectE9IPAddressthPKh
                0x00000000000054d0       0x90 ./libraries/WiFi101/src/WiFiClient.cpp.o
                0x00000000000054d0                WiFiClient::connect(IPAddress, unsigned short, unsigned char, unsigned char const*)
 .text._ZN10WiFiClient7connectE9IPAddresst
                0x0000000000005560       0x1c ./libraries/WiFi101/src/WiFiClient.cpp.o
                0x0000000000005560                WiFiClient::connect(IPAddress, unsigned short)
 .text._ZN10WiFiClient7connectEPKcth
                0x000000000000557c       0x44 ./libraries/WiFi101/src/WiFiClient.cpp.o
                0x000000000000557c                WiFiClient::connect(char const*, unsigned short, unsigned char)
 .text._ZN10WiFiClient7connectEPKct
                0x00000000000055c0        0xa ./libraries/WiFi101/src/WiFiClient.cpp.o
                0x00000000000055c0                WiFiClient::connect(char const*, unsigned short)
 *fill*         0x00000000000055ca        0x2 
 .text.startup._GLOBAL__sub_I__ZN10WiFiClientC2Ev
                0x00000000000055cc       0x18 ./libraries/WiFi101/src/WiFiClient.cpp.o
 .text.startup._GLOBAL__sub_I__ZN17WiFiMDNSResponderC2Ev
                0x00000000000055e4       0x18 ./libraries/WiFi101/src/WiFiMDNSResponder.cpp.o
 .text.startup._GLOBAL__sub_I__ZN13WiFiSSLClientC2Ev
                0x00000000000055fc       0x18 ./libraries/WiFi101/src/WiFiSSLClient.cpp.o
 .text._ZN10WiFiServer5writeEh
                0x0000000000005614       0x14 ./libraries/WiFi101/src/WiFiServer.cpp.o
                0x0000000000005614                WiFiServer::write(unsigned char)
 .text._ZN10WiFiServer5writeEPKhj
                0x0000000000005628       0x50 ./libraries/WiFi101/src/WiFiServer.cpp.o
                0x0000000000005628                WiFiServer::write(unsigned char const*, unsigned int)
 .text._ZN10WiFiServerC2Et
                0x0000000000005678       0x14 ./libraries/WiFi101/src/WiFiServer.cpp.o
                0x0000000000005678                WiFiServer::WiFiServer(unsigned short)
                0x0000000000005678                WiFiServer::WiFiServer(unsigned short)
 .text._ZN10WiFiServer5beginEh
                0x000000000000568c       0x8c ./libraries/WiFi101/src/WiFiServer.cpp.o
                0x000000000000568c                WiFiServer::begin(unsigned char)
 .text._ZN10WiFiServer5beginEv
                0x0000000000005718        0xa ./libraries/WiFi101/src/WiFiServer.cpp.o
                0x0000000000005718                WiFiServer::begin()
 *fill*         0x0000000000005722        0x2 
 .text._ZN10WiFiServer9availableEPh
                0x0000000000005724       0x80 ./libraries/WiFi101/src/WiFiServer.cpp.o
                0x0000000000005724                WiFiServer::available(unsigned char*)
 .text.startup._GLOBAL__sub_I__ZN10WiFiServerC2Et
                0x00000000000057a4       0x18 ./libraries/WiFi101/src/WiFiServer.cpp.o
 .text.startup._GLOBAL__sub_I__ZN7WiFiUDPC2Ev
                0x00000000000057bc       0x18 ./libraries/WiFi101/src/WiFiUdp.cpp.o
 .text._ZN8SPIClass4initEv
                0x00000000000057d4       0x12 ./libraries/SPI/SPI.cpp.o
                0x00000000000057d4                SPIClass::init()
 .text._ZN8SPIClass6configE11SPISettings
                0x00000000000057e6       0x36 ./libraries/SPI/SPI.cpp.o
                0x00000000000057e6                SPIClass::config(SPISettings)
 .text._ZN8SPIClass5beginEv
                0x000000000000581c       0x50 ./libraries/SPI/SPI.cpp.o
                0x000000000000581c                SPIClass::begin()
 .text._ZN8SPIClass3endEv
                0x000000000000586c       0x10 ./libraries/SPI/SPI.cpp.o
                0x000000000000586c                SPIClass::end()
 .text._ZN8SPIClass16beginTransactionE11SPISettings
                0x000000000000587c       0x38 ./libraries/SPI/SPI.cpp.o
                0x000000000000587c                SPIClass::beginTransaction(SPISettings)
 .text._ZN8SPIClass14endTransactionEv
                0x00000000000058b4       0x24 ./libraries/SPI/SPI.cpp.o
                0x00000000000058b4                SPIClass::endTransaction()
 .text._ZN8SPIClass8transferEh
                0x00000000000058d8        0xa ./libraries/SPI/SPI.cpp.o
                0x00000000000058d8                SPIClass::transfer(unsigned char)
 *fill*         0x00000000000058e2        0x2 
 .text.startup._GLOBAL__sub_I__ZN8SPIClassC2EP6SERCOMhhh14SercomSpiTXPad11SercomRXPad
                0x00000000000058e4       0x58 ./libraries/SPI/SPI.cpp.o
 .text._ZN6Thread11setIntervalEm
                0x000000000000593c        0xa ./libraries/ArduinoThread/Thread.cpp.o
                0x000000000000593c                Thread::setInterval(unsigned long)
 .text._ZN6Thread9shouldRunEm
                0x0000000000005946        0xe ./libraries/ArduinoThread/Thread.cpp.o
                0x0000000000005946                Thread::shouldRun(unsigned long)
 .text._ZN6Thread3runEv
                0x0000000000005954       0x1a ./libraries/ArduinoThread/Thread.cpp.o
                0x0000000000005954                Thread::run()
 *fill*         0x000000000000596e        0x2 
 .text._ZN6ThreadC2EPFvvEm
                0x0000000000005970       0x2c ./libraries/ArduinoThread/Thread.cpp.o
                0x0000000000005970                Thread::Thread(void (*)(), unsigned long)
                0x0000000000005970                Thread::Thread(void (*)(), unsigned long)
 .text.SERCOM5_Handler
                0x000000000000599c       0x10 /Users/joeygough/Documents/sloeber-workspace/localServer/Release/arduino.ar(variant.cpp.o)
                0x000000000000599c                SERCOM5_Handler
 .text.startup._GLOBAL__sub_I_g_APinDescription
                0x00000000000059ac       0x80 /Users/joeygough/Documents/sloeber-workspace/localServer/Release/arduino.ar(variant.cpp.o)
 .text._ZN7Serial_17availableForWriteEv
                0x0000000000005a2c        0x4 /Users/joeygough/Documents/sloeber-workspace/localServer/Release/arduino.ar(CDC.cpp.o)
                0x0000000000005a2c                Serial_::availableForWrite()
 .text._ZN7Serial_5writeEh
                0x0000000000005a30       0x14 /Users/joeygough/Documents/sloeber-workspace/localServer/Release/arduino.ar(CDC.cpp.o)
                0x0000000000005a30                Serial_::write(unsigned char)
 .text._ZN7Serial_9availableEv
                0x0000000000005a44        0xc /Users/joeygough/Documents/sloeber-workspace/localServer/Release/arduino.ar(CDC.cpp.o)
                0x0000000000005a44                Serial_::available()
 .text._ZN7Serial_5flushEv
                0x0000000000005a50        0xc /Users/joeygough/Documents/sloeber-workspace/localServer/Release/arduino.ar(CDC.cpp.o)
                0x0000000000005a50                Serial_::flush()
 .text._ZN7Serial_5writeEPKhj
                0x0000000000005a5c       0x1c /Users/joeygough/Documents/sloeber-workspace/localServer/Release/arduino.ar(CDC.cpp.o)
                0x0000000000005a5c                Serial_::write(unsigned char const*, unsigned int)
 .text._ZN7Serial_4peekEv
                0x0000000000005a78       0x1c /Users/joeygough/Documents/sloeber-workspace/localServer/Release/arduino.ar(CDC.cpp.o)
                0x0000000000005a78                Serial_::peek()
 .text._ZN7Serial_4readEv
                0x0000000000005a94       0x24 /Users/joeygough/Documents/sloeber-workspace/localServer/Release/arduino.ar(CDC.cpp.o)
                0x0000000000005a94                Serial_::read()
 .text._Z16CDC_GetInterfacePh
                0x0000000000005ab8       0x1c /Users/joeygough/Documents/sloeber-workspace/localServer/Release/arduino.ar(CDC.cpp.o)
                0x0000000000005ab8                CDC_GetInterface(unsigned char*)
 .text._Z9CDC_SetupR8USBSetup
                0x0000000000005ad4       0x80 /Users/joeygough/Documents/sloeber-workspace/localServer/Release/arduino.ar(CDC.cpp.o)
                0x0000000000005ad4                CDC_Setup(USBSetup&)
 .text._ZN7Serial_5beginEm
                0x0000000000005b54        0x2 /Users/joeygough/Documents/sloeber-workspace/localServer/Release/arduino.ar(CDC.cpp.o)
                0x0000000000005b54                Serial_::begin(unsigned long)
 *fill*         0x0000000000005b56        0x2 
 .text.startup._GLOBAL__sub_I__Z17_CDC_GetInterfacev
                0x0000000000005b58       0x28 /Users/joeygough/Documents/sloeber-workspace/localServer/Release/arduino.ar(CDC.cpp.o)
 .text._ZL5utox8mPc
                0x0000000000005b80       0x1c /Users/joeygough/Documents/sloeber-workspace/localServer/Release/arduino.ar(USBCore.cpp.o)
 .text._ZN14USBDeviceClass6initEPEmm.part.4
                0x0000000000005b9c       0x80 /Users/joeygough/Documents/sloeber-workspace/localServer/Release/arduino.ar(USBCore.cpp.o)
 .text._ZN20USBDevice_SAMD21G18x5resetEv
                0x0000000000005c1c       0x28 /Users/joeygough/Documents/sloeber-workspace/localServer/Release/arduino.ar(USBCore.cpp.o)
                0x0000000000005c1c                USBDevice_SAMD21G18x::reset()
 .text._ZN20USBDevice_SAMD21G18x9calibrateEv
                0x0000000000005c44       0x5c /Users/joeygough/Documents/sloeber-workspace/localServer/Release/arduino.ar(USBCore.cpp.o)
                0x0000000000005c44                USBDevice_SAMD21G18x::calibrate()
 .text._ZN7__GuardC2Ev
                0x0000000000005ca0        0xe /Users/joeygough/Documents/sloeber-workspace/localServer/Release/arduino.ar(USBCore.cpp.o)
                0x0000000000005ca0                __Guard::__Guard()
                0x0000000000005ca0                __Guard::__Guard()
 .text._ZN7__GuardD2Ev
                0x0000000000005cae        0xe /Users/joeygough/Documents/sloeber-workspace/localServer/Release/arduino.ar(USBCore.cpp.o)
                0x0000000000005cae                __Guard::~__Guard()
                0x0000000000005cae                __Guard::~__Guard()
 .text._ZNK26DoubleBufferedEPOutHandler9availableEv
                0x0000000000005cbc       0x5e /Users/joeygough/Documents/sloeber-workspace/localServer/Release/arduino.ar(USBCore.cpp.o)
                0x0000000000005cbc                DoubleBufferedEPOutHandler::available() const
 *fill*         0x0000000000005d1a        0x2 
 .text._ZN26DoubleBufferedEPOutHandler7releaseEv
                0x0000000000005d1c       0x58 /Users/joeygough/Documents/sloeber-workspace/localServer/Release/arduino.ar(USBCore.cpp.o)
                0x0000000000005d1c                DoubleBufferedEPOutHandler::release()
 .text._ZN26DoubleBufferedEPOutHandler4recvEPvm
                0x0000000000005d74      0x11c /Users/joeygough/Documents/sloeber-workspace/localServer/Release/arduino.ar(USBCore.cpp.o)
                0x0000000000005d74                DoubleBufferedEPOutHandler::recv(void*, unsigned long)
 .text._ZN26DoubleBufferedEPOutHandler14handleEndpointEv
                0x0000000000005e90       0xc8 /Users/joeygough/Documents/sloeber-workspace/localServer/Release/arduino.ar(USBCore.cpp.o)
                0x0000000000005e90                DoubleBufferedEPOutHandler::handleEndpoint()
 .text._ZN14USBDeviceClass14SendInterfacesEPm
                0x0000000000005f58       0x2c /Users/joeygough/Documents/sloeber-workspace/localServer/Release/arduino.ar(USBCore.cpp.o)
                0x0000000000005f58                USBDeviceClass::SendInterfaces(unsigned long*)
 .text._ZN14USBDeviceClass14handleEndpointEh
                0x0000000000005f84       0x40 /Users/joeygough/Documents/sloeber-workspace/localServer/Release/arduino.ar(USBCore.cpp.o)
                0x0000000000005f84                USBDeviceClass::handleEndpoint(unsigned char)
 .text._ZN14USBDeviceClass4initEv
                0x0000000000005fc4       0xc0 /Users/joeygough/Documents/sloeber-workspace/localServer/Release/arduino.ar(USBCore.cpp.o)
                0x0000000000005fc4                USBDeviceClass::init()
 .text._ZN14USBDeviceClass6attachEv
                0x0000000000006084       0x34 /Users/joeygough/Documents/sloeber-workspace/localServer/Release/arduino.ar(USBCore.cpp.o)
                0x0000000000006084                USBDeviceClass::attach()
 .text._ZN14USBDeviceClass10setAddressEm
                0x00000000000060b8       0x48 /Users/joeygough/Documents/sloeber-workspace/localServer/Release/arduino.ar(USBCore.cpp.o)
                0x00000000000060b8                USBDeviceClass::setAddress(unsigned long)
 .text._ZN14USBDeviceClass25handleClassInterfaceSetupER8USBSetup
                0x0000000000006100       0x40 /Users/joeygough/Documents/sloeber-workspace/localServer/Release/arduino.ar(USBCore.cpp.o)
                0x0000000000006100                USBDeviceClass::handleClassInterfaceSetup(USBSetup&)
 .text._ZN14USBDeviceClass6initEPEmm
                0x0000000000006140      0x128 /Users/joeygough/Documents/sloeber-workspace/localServer/Release/arduino.ar(USBCore.cpp.o)
                0x0000000000006140                USBDeviceClass::initEP(unsigned long, unsigned long)
 .text._ZN14USBDeviceClass13initEndpointsEv
                0x0000000000006268       0x24 /Users/joeygough/Documents/sloeber-workspace/localServer/Release/arduino.ar(USBCore.cpp.o)
                0x0000000000006268                USBDeviceClass::initEndpoints()
 .text._ZN14USBDeviceClass9availableEm
                0x000000000000628c       0x2c /Users/joeygough/Documents/sloeber-workspace/localServer/Release/arduino.ar(USBCore.cpp.o)
                0x000000000000628c                USBDeviceClass::available(unsigned long)
 .text._ZN14USBDeviceClass5flushEm
                0x00000000000062b8       0x2c /Users/joeygough/Documents/sloeber-workspace/localServer/Release/arduino.ar(USBCore.cpp.o)
                0x00000000000062b8                USBDeviceClass::flush(unsigned long)
 .text._ZN14USBDeviceClass14armRecvCtrlOUTEm
                0x00000000000062e4       0x60 /Users/joeygough/Documents/sloeber-workspace/localServer/Release/arduino.ar(USBCore.cpp.o)
                0x00000000000062e4                USBDeviceClass::armRecvCtrlOUT(unsigned long)
 .text._ZN14USBDeviceClass11recvControlEPvm
                0x0000000000006344       0x3c /Users/joeygough/Documents/sloeber-workspace/localServer/Release/arduino.ar(USBCore.cpp.o)
                0x0000000000006344                USBDeviceClass::recvControl(void*, unsigned long)
 .text._ZN14USBDeviceClass7armRecvEm
                0x0000000000006380       0x3c /Users/joeygough/Documents/sloeber-workspace/localServer/Release/arduino.ar(USBCore.cpp.o)
                0x0000000000006380                USBDeviceClass::armRecv(unsigned long)
 .text._ZN14USBDeviceClass4recvEmPvm
                0x00000000000063bc       0xc0 /Users/joeygough/Documents/sloeber-workspace/localServer/Release/arduino.ar(USBCore.cpp.o)
                0x00000000000063bc                USBDeviceClass::recv(unsigned long, void*, unsigned long)
 .text._ZN14USBDeviceClass4recvEm
                0x000000000000647c       0x1c /Users/joeygough/Documents/sloeber-workspace/localServer/Release/arduino.ar(USBCore.cpp.o)
                0x000000000000647c                USBDeviceClass::recv(unsigned long)
 .text._ZN14USBDeviceClass4sendEmPKvm
                0x0000000000006498      0x10c /Users/joeygough/Documents/sloeber-workspace/localServer/Release/arduino.ar(USBCore.cpp.o)
                0x0000000000006498                USBDeviceClass::send(unsigned long, void const*, unsigned long)
 .text._ZN14USBDeviceClass7armSendEmPKvm
                0x00000000000065a4       0x48 /Users/joeygough/Documents/sloeber-workspace/localServer/Release/arduino.ar(USBCore.cpp.o)
                0x00000000000065a4                USBDeviceClass::armSend(unsigned long, void const*, unsigned long)
 .text._ZN14USBDeviceClass11sendControlEPKvm
                0x00000000000065ec       0x58 /Users/joeygough/Documents/sloeber-workspace/localServer/Release/arduino.ar(USBCore.cpp.o)
                0x00000000000065ec                USBDeviceClass::sendControl(void const*, unsigned long)
 .text._ZN14USBDeviceClass20sendStringDescriptorEPKhh
                0x0000000000006644       0x68 /Users/joeygough/Documents/sloeber-workspace/localServer/Release/arduino.ar(USBCore.cpp.o)
                0x0000000000006644                USBDeviceClass::sendStringDescriptor(unsigned char const*, unsigned char)
 .text._ZN14USBDeviceClass12packMessagesEb.part.6
                0x00000000000066ac       0x20 /Users/joeygough/Documents/sloeber-workspace/localServer/Release/arduino.ar(USBCore.cpp.o)
 .text._ZN14USBDeviceClass17sendConfigurationEm
                0x00000000000066cc       0x90 /Users/joeygough/Documents/sloeber-workspace/localServer/Release/arduino.ar(USBCore.cpp.o)
                0x00000000000066cc                USBDeviceClass::sendConfiguration(unsigned long)
 .text._ZN14USBDeviceClass14sendDescriptorER8USBSetup
                0x000000000000675c       0xec /Users/joeygough/Documents/sloeber-workspace/localServer/Release/arduino.ar(USBCore.cpp.o)
                0x000000000000675c                USBDeviceClass::sendDescriptor(USBSetup&)
 .text._ZN14USBDeviceClass19handleStandardSetupER8USBSetup
                0x0000000000006848      0x118 /Users/joeygough/Documents/sloeber-workspace/localServer/Release/arduino.ar(USBCore.cpp.o)
                0x0000000000006848                USBDeviceClass::handleStandardSetup(USBSetup&)
 .text._ZN14USBDeviceClass10ISRHandlerEv
                0x0000000000006960      0x108 /Users/joeygough/Documents/sloeber-workspace/localServer/Release/arduino.ar(USBCore.cpp.o)
                0x0000000000006960                USBDeviceClass::ISRHandler()
 .text.UDD_Handler
                0x0000000000006a68       0x10 /Users/joeygough/Documents/sloeber-workspace/localServer/Release/arduino.ar(USBCore.cpp.o)
                0x0000000000006a68                UDD_Handler
 .text.startup._GLOBAL__sub_I__ZN20USBDevice_SAMD21G18x5resetEv
                0x0000000000006a78       0x10 /Users/joeygough/Documents/sloeber-workspace/localServer/Release/arduino.ar(USBCore.cpp.o)
 .text._ZNK9IPAddress7printToER5Print
                0x0000000000006a88       0x3c /Users/joeygough/Documents/sloeber-workspace/localServer/Release/arduino.ar(IPAddress.cpp.o)
                0x0000000000006a88                IPAddress::printTo(Print&) const
 .text._ZN9IPAddressC2Ev
                0x0000000000006ac4       0x10 /Users/joeygough/Documents/sloeber-workspace/localServer/Release/arduino.ar(IPAddress.cpp.o)
                0x0000000000006ac4                IPAddress::IPAddress()
                0x0000000000006ac4                IPAddress::IPAddress()
 .text._ZN9IPAddressC2Ehhhh
                0x0000000000006ad4       0x1c /Users/joeygough/Documents/sloeber-workspace/localServer/Release/arduino.ar(IPAddress.cpp.o)
                0x0000000000006ad4                IPAddress::IPAddress(unsigned char, unsigned char, unsigned char, unsigned char)
                0x0000000000006ad4                IPAddress::IPAddress(unsigned char, unsigned char, unsigned char, unsigned char)
 .text._ZN9IPAddressC2Em
                0x0000000000006af0       0x10 /Users/joeygough/Documents/sloeber-workspace/localServer/Release/arduino.ar(IPAddress.cpp.o)
                0x0000000000006af0                IPAddress::IPAddress(unsigned long)
                0x0000000000006af0                IPAddress::IPAddress(unsigned long)
 .text._ZN9IPAddress10fromStringEPKc
                0x0000000000006b00       0x4c /Users/joeygough/Documents/sloeber-workspace/localServer/Release/arduino.ar(IPAddress.cpp.o)
                0x0000000000006b00                IPAddress::fromString(char const*)
 .text._ZN9IPAddressaSEm
                0x0000000000006b4c        0x4 /Users/joeygough/Documents/sloeber-workspace/localServer/Release/arduino.ar(IPAddress.cpp.o)
                0x0000000000006b4c                IPAddress::operator=(unsigned long)
 .text.startup._GLOBAL__sub_I__ZN9IPAddressC2Ev
                0x0000000000006b50       0x1c /Users/joeygough/Documents/sloeber-workspace/localServer/Release/arduino.ar(IPAddress.cpp.o)
 .text._ZN5Print5writeEPKhj
                0x0000000000006b6c       0x28 /Users/joeygough/Documents/sloeber-workspace/localServer/Release/arduino.ar(Print.cpp.o)
                0x0000000000006b6c                Print::write(unsigned char const*, unsigned int)
 .text._ZN5Print5printEmi.part.3
                0x0000000000006b94        0xc /Users/joeygough/Documents/sloeber-workspace/localServer/Release/arduino.ar(Print.cpp.o)
 .text._ZN5Print5writeEPKc
                0x0000000000006ba0       0x1c /Users/joeygough/Documents/sloeber-workspace/localServer/Release/arduino.ar(Print.cpp.o)
                0x0000000000006ba0                Print::write(char const*)
 .text._ZN5Print5printERK6String
                0x0000000000006bbc       0x10 /Users/joeygough/Documents/sloeber-workspace/localServer/Release/arduino.ar(Print.cpp.o)
                0x0000000000006bbc                Print::print(String const&)
 .text._ZN5Print5printEPKc
                0x0000000000006bcc        0x8 /Users/joeygough/Documents/sloeber-workspace/localServer/Release/arduino.ar(Print.cpp.o)
                0x0000000000006bcc                Print::print(char const*)
 .text._ZN5Print5printEc
                0x0000000000006bd4        0xa /Users/joeygough/Documents/sloeber-workspace/localServer/Release/arduino.ar(Print.cpp.o)
                0x0000000000006bd4                Print::print(char)
 .text._ZN5Print5printERK9Printable
                0x0000000000006bde       0x10 /Users/joeygough/Documents/sloeber-workspace/localServer/Release/arduino.ar(Print.cpp.o)
                0x0000000000006bde                Print::print(Printable const&)
 *fill*         0x0000000000006bee        0x2 
 .text._ZN5Print7printlnEv
                0x0000000000006bf0       0x10 /Users/joeygough/Documents/sloeber-workspace/localServer/Release/arduino.ar(Print.cpp.o)
                0x0000000000006bf0                Print::println()
 .text._ZN5Print7printlnERK6String
                0x0000000000006c00       0x14 /Users/joeygough/Documents/sloeber-workspace/localServer/Release/arduino.ar(Print.cpp.o)
                0x0000000000006c00                Print::println(String const&)
 .text._ZN5Print7printlnEPKc
                0x0000000000006c14       0x14 /Users/joeygough/Documents/sloeber-workspace/localServer/Release/arduino.ar(Print.cpp.o)
                0x0000000000006c14                Print::println(char const*)
 .text._ZN5Print7printlnERK9Printable
                0x0000000000006c28       0x14 /Users/joeygough/Documents/sloeber-workspace/localServer/Release/arduino.ar(Print.cpp.o)
                0x0000000000006c28                Print::println(Printable const&)
 .text._ZN5Print11printNumberEmh
                0x0000000000006c3c       0x4e /Users/joeygough/Documents/sloeber-workspace/localServer/Release/arduino.ar(Print.cpp.o)
                0x0000000000006c3c                Print::printNumber(unsigned long, unsigned char)
 .text._ZN5Print5printEli
                0x0000000000006c8a       0x3c /Users/joeygough/Documents/sloeber-workspace/localServer/Release/arduino.ar(Print.cpp.o)
                0x0000000000006c8a                Print::print(long, int)
 .text._ZN5Print5printEmi
                0x0000000000006cc6       0x14 /Users/joeygough/Documents/sloeber-workspace/localServer/Release/arduino.ar(Print.cpp.o)
                0x0000000000006cc6                Print::print(unsigned long, int)
 .text._ZN5Print5printEhi
                0x0000000000006cda        0x8 /Users/joeygough/Documents/sloeber-workspace/localServer/Release/arduino.ar(Print.cpp.o)
                0x0000000000006cda                Print::print(unsigned char, int)
 *fill*         0x0000000000006ce2        0x2 
 .text.initiateReset
                0x0000000000006ce4        0xc /Users/joeygough/Documents/sloeber-workspace/localServer/Release/arduino.ar(Reset.cpp.o)
                0x0000000000006ce4                initiateReset
 .text.cancelReset
                0x0000000000006cf0       0x10 /Users/joeygough/Documents/sloeber-workspace/localServer/Release/arduino.ar(Reset.cpp.o)
                0x0000000000006cf0                cancelReset
 .text.tickReset
                0x0000000000006d00       0x74 /Users/joeygough/Documents/sloeber-workspace/localServer/Release/arduino.ar(Reset.cpp.o)
                0x0000000000006d00                tickReset
 .text._ZN6SERCOMC2EP6Sercom
                0x0000000000006d74        0x4 /Users/joeygough/Documents/sloeber-workspace/localServer/Release/arduino.ar(SERCOM.cpp.o)
                0x0000000000006d74                SERCOM::SERCOM(Sercom*)
                0x0000000000006d74                SERCOM::SERCOM(Sercom*)
 .text._ZN6SERCOM9initFrameE18SercomUartCharSize15SercomDataOrder16SercomParityMode19SercomNumberStopBit
                0x0000000000006d78       0x38 /Users/joeygough/Documents/sloeber-workspace/localServer/Release/arduino.ar(SERCOM.cpp.o)
                0x0000000000006d78                SERCOM::initFrame(SercomUartCharSize, SercomDataOrder, SercomParityMode, SercomNumberStopBit)
 .text._ZN6SERCOM8initPadsE15SercomUartTXPad11SercomRXPad
                0x0000000000006db0       0x26 /Users/joeygough/Documents/sloeber-workspace/localServer/Release/arduino.ar(SERCOM.cpp.o)
                0x0000000000006db0                SERCOM::initPads(SercomUartTXPad, SercomRXPad)
 .text._ZN6SERCOM9resetUARTEv
                0x0000000000006dd6       0x1c /Users/joeygough/Documents/sloeber-workspace/localServer/Release/arduino.ar(SERCOM.cpp.o)
                0x0000000000006dd6                SERCOM::resetUART()
 .text._ZN6SERCOM10enableUARTEv
                0x0000000000006df2       0x14 /Users/joeygough/Documents/sloeber-workspace/localServer/Release/arduino.ar(SERCOM.cpp.o)
                0x0000000000006df2                SERCOM::enableUART()
 .text._ZN6SERCOM9flushUARTEv
                0x0000000000006e06       0x10 /Users/joeygough/Documents/sloeber-workspace/localServer/Release/arduino.ar(SERCOM.cpp.o)
                0x0000000000006e06                SERCOM::flushUART()
 .text._ZN6SERCOM15clearStatusUARTEv
                0x0000000000006e16        0x8 /Users/joeygough/Documents/sloeber-workspace/localServer/Release/arduino.ar(SERCOM.cpp.o)
                0x0000000000006e16                SERCOM::clearStatusUART()
 .text._ZN6SERCOM17availableDataUARTEv
                0x0000000000006e1e        0xa /Users/joeygough/Documents/sloeber-workspace/localServer/Release/arduino.ar(SERCOM.cpp.o)
                0x0000000000006e1e                SERCOM::availableDataUART()
 .text._ZN6SERCOM11isUARTErrorEv
                0x0000000000006e28        0x8 /Users/joeygough/Documents/sloeber-workspace/localServer/Release/arduino.ar(SERCOM.cpp.o)
                0x0000000000006e28                SERCOM::isUARTError()
 .text._ZN6SERCOM20acknowledgeUARTErrorEv
                0x0000000000006e30        0xe /Users/joeygough/Documents/sloeber-workspace/localServer/Release/arduino.ar(SERCOM.cpp.o)
                0x0000000000006e30                SERCOM::acknowledgeUARTError()
 .text._ZN6SERCOM23isDataRegisterEmptyUARTEv
                0x0000000000006e3e        0xa /Users/joeygough/Documents/sloeber-workspace/localServer/Release/arduino.ar(SERCOM.cpp.o)
                0x0000000000006e3e                SERCOM::isDataRegisterEmptyUART()
 .text._ZN6SERCOM12readDataUARTEv
                0x0000000000006e48        0x8 /Users/joeygough/Documents/sloeber-workspace/localServer/Release/arduino.ar(SERCOM.cpp.o)
                0x0000000000006e48                SERCOM::readDataUART()
 .text._ZN6SERCOM13writeDataUARTEh
                0x0000000000006e50        0xe /Users/joeygough/Documents/sloeber-workspace/localServer/Release/arduino.ar(SERCOM.cpp.o)
                0x0000000000006e50                SERCOM::writeDataUART(unsigned char)
 .text._ZN6SERCOM36enableDataRegisterEmptyInterruptUARTEv
                0x0000000000006e5e        0xc /Users/joeygough/Documents/sloeber-workspace/localServer/Release/arduino.ar(SERCOM.cpp.o)
                0x0000000000006e5e                SERCOM::enableDataRegisterEmptyInterruptUART()
 .text._ZN6SERCOM37disableDataRegisterEmptyInterruptUARTEv
                0x0000000000006e6a        0x8 /Users/joeygough/Documents/sloeber-workspace/localServer/Release/arduino.ar(SERCOM.cpp.o)
                0x0000000000006e6a                SERCOM::disableDataRegisterEmptyInterruptUART()
 *fill*         0x0000000000006e72        0x2 
 .text._ZN6SERCOM12initSPIClockE18SercomSpiClockModem
                0x0000000000006e74       0x30 /Users/joeygough/Documents/sloeber-workspace/localServer/Release/arduino.ar(SERCOM.cpp.o)
                0x0000000000006e74                SERCOM::initSPIClock(SercomSpiClockMode, unsigned long)
 .text._ZN6SERCOM8resetSPIEv
                0x0000000000006ea4       0x1c /Users/joeygough/Documents/sloeber-workspace/localServer/Release/arduino.ar(SERCOM.cpp.o)
                0x0000000000006ea4                SERCOM::resetSPI()
 .text._ZN6SERCOM9enableSPIEv
                0x0000000000006ec0       0x14 /Users/joeygough/Documents/sloeber-workspace/localServer/Release/arduino.ar(SERCOM.cpp.o)
                0x0000000000006ec0                SERCOM::enableSPI()
 .text._ZN6SERCOM10disableSPIEv
                0x0000000000006ed4       0x12 /Users/joeygough/Documents/sloeber-workspace/localServer/Release/arduino.ar(SERCOM.cpp.o)
                0x0000000000006ed4                SERCOM::disableSPI()
 .text._ZN6SERCOM15transferDataSPIEh
                0x0000000000006ee6       0x1a /Users/joeygough/Documents/sloeber-workspace/localServer/Release/arduino.ar(SERCOM.cpp.o)
                0x0000000000006ee6                SERCOM::transferDataSPI(unsigned char)
 .text._ZN6SERCOM13initClockNVICEv
                0x0000000000006f00       0xac /Users/joeygough/Documents/sloeber-workspace/localServer/Release/arduino.ar(SERCOM.cpp.o)
                0x0000000000006f00                SERCOM::initClockNVIC()
 .text._ZN6SERCOM8initUARTE14SercomUartMode20SercomUartSampleRatem
                0x0000000000006fac       0x6c /Users/joeygough/Documents/sloeber-workspace/localServer/Release/arduino.ar(SERCOM.cpp.o)
                0x0000000000006fac                SERCOM::initUART(SercomUartMode, SercomUartSampleRate, unsigned long)
 .text._ZN6SERCOM7initSPIE14SercomSpiTXPad11SercomRXPad17SercomSpiCharSize15SercomDataOrder
                0x0000000000007018       0x48 /Users/joeygough/Documents/sloeber-workspace/localServer/Release/arduino.ar(SERCOM.cpp.o)
                0x0000000000007018                SERCOM::initSPI(SercomSpiTXPad, SercomRXPad, SercomSpiCharSize, SercomDataOrder)
 .text._ZN4UartcvbEv
                0x0000000000007060        0x4 /Users/joeygough/Documents/sloeber-workspace/localServer/Release/arduino.ar(Uart.cpp.o)
                0x0000000000007060                Uart::operator bool()
 .text._ZN4Uart5beginEm
                0x0000000000007064       0x10 /Users/joeygough/Documents/sloeber-workspace/localServer/Release/arduino.ar(Uart.cpp.o)
                0x0000000000007064                Uart::begin(unsigned long)
 .text._ZN4Uart3endEv
                0x0000000000007074       0x1c /Users/joeygough/Documents/sloeber-workspace/localServer/Release/arduino.ar(Uart.cpp.o)
                0x0000000000007074                Uart::end()
 .text._ZN4Uart9availableEv
                0x0000000000007090        0xa /Users/joeygough/Documents/sloeber-workspace/localServer/Release/arduino.ar(Uart.cpp.o)
                0x0000000000007090                Uart::available()
 .text._ZN4Uart5flushEv
                0x000000000000709a       0x18 /Users/joeygough/Documents/sloeber-workspace/localServer/Release/arduino.ar(Uart.cpp.o)
                0x000000000000709a                Uart::flush()
 .text._ZN4Uart17availableForWriteEv
                0x00000000000070b2        0xa /Users/joeygough/Documents/sloeber-workspace/localServer/Release/arduino.ar(Uart.cpp.o)
                0x00000000000070b2                Uart::availableForWrite()
 .text._ZN4Uart4readEv
                0x00000000000070bc       0x34 /Users/joeygough/Documents/sloeber-workspace/localServer/Release/arduino.ar(Uart.cpp.o)
                0x00000000000070bc                Uart::read()
 .text._ZN4Uart4peekEv
                0x00000000000070f0        0xa /Users/joeygough/Documents/sloeber-workspace/localServer/Release/arduino.ar(Uart.cpp.o)
                0x00000000000070f0                Uart::peek()
 .text._ZN4Uart5writeEh
                0x00000000000070fa       0x44 /Users/joeygough/Documents/sloeber-workspace/localServer/Release/arduino.ar(Uart.cpp.o)
                0x00000000000070fa                Uart::write(unsigned char)
 *fill*         0x000000000000713e        0x2 
 .text._ZN4UartC2EP6SERCOMhh11SercomRXPad15SercomUartTXPadhh
                0x0000000000007140       0x68 /Users/joeygough/Documents/sloeber-workspace/localServer/Release/arduino.ar(Uart.cpp.o)
                0x0000000000007140                Uart::Uart(SERCOM*, unsigned char, unsigned char, SercomRXPad, SercomUartTXPad, unsigned char, unsigned char)
                0x0000000000007140                Uart::Uart(SERCOM*, unsigned char, unsigned char, SercomRXPad, SercomUartTXPad, unsigned char, unsigned char)
 .text._ZN4UartC2EP6SERCOMhh11SercomRXPad15SercomUartTXPad
                0x00000000000071a8       0x24 /Users/joeygough/Documents/sloeber-workspace/localServer/Release/arduino.ar(Uart.cpp.o)
                0x00000000000071a8                Uart::Uart(SERCOM*, unsigned char, unsigned char, SercomRXPad, SercomUartTXPad)
                0x00000000000071a8                Uart::Uart(SERCOM*, unsigned char, unsigned char, SercomRXPad, SercomUartTXPad)
 .text._ZN4Uart10IrqHandlerEv
                0x00000000000071cc       0x88 /Users/joeygough/Documents/sloeber-workspace/localServer/Release/arduino.ar(Uart.cpp.o)
                0x00000000000071cc                Uart::IrqHandler()
 .text._ZN4Uart16extractNbStopBitEt
                0x0000000000007254        0xe /Users/joeygough/Documents/sloeber-workspace/localServer/Release/arduino.ar(Uart.cpp.o)
                0x0000000000007254                Uart::extractNbStopBit(unsigned short)
 .text._ZN4Uart15extractCharSizeEt
                0x0000000000007262       0x2c /Users/joeygough/Documents/sloeber-workspace/localServer/Release/arduino.ar(Uart.cpp.o)
                0x0000000000007262                Uart::extractCharSize(unsigned short)
 .text._ZN4Uart13extractParityEt
                0x000000000000728e       0x18 /Users/joeygough/Documents/sloeber-workspace/localServer/Release/arduino.ar(Uart.cpp.o)
                0x000000000000728e                Uart::extractParity(unsigned short)
 *fill*         0x00000000000072a6        0x2 
 .text._ZN4Uart5beginEmt
                0x00000000000072a8       0xf4 /Users/joeygough/Documents/sloeber-workspace/localServer/Release/arduino.ar(Uart.cpp.o)
                0x00000000000072a8                Uart::begin(unsigned long, unsigned short)
 .text.attachInterrupt
                0x000000000000739c      0x130 /Users/joeygough/Documents/sloeber-workspace/localServer/Release/arduino.ar(WInterrupts.c.o)
                0x000000000000739c                attachInterrupt
 .text.detachInterrupt
                0x00000000000074cc       0x78 /Users/joeygough/Documents/sloeber-workspace/localServer/Release/arduino.ar(WInterrupts.c.o)
                0x00000000000074cc                detachInterrupt
 .text.EIC_Handler
                0x0000000000007544       0x3c /Users/joeygough/Documents/sloeber-workspace/localServer/Release/arduino.ar(WInterrupts.c.o)
                0x0000000000007544                EIC_Handler
 .text._ZN6StringD2Ev
                0x0000000000007580        0xe /Users/joeygough/Documents/sloeber-workspace/localServer/Release/arduino.ar(WString.cpp.o)
                0x0000000000007580                String::~String()
                0x0000000000007580                String::~String()
 .text._ZN6String10invalidateEv
                0x000000000000758e       0x18 /Users/joeygough/Documents/sloeber-workspace/localServer/Release/arduino.ar(WString.cpp.o)
                0x000000000000758e                String::invalidate()
 .text._ZN6String12changeBufferEj
                0x00000000000075a6       0x18 /Users/joeygough/Documents/sloeber-workspace/localServer/Release/arduino.ar(WString.cpp.o)
                0x00000000000075a6                String::changeBuffer(unsigned int)
 .text._ZN6String7reserveEj
                0x00000000000075be       0x28 /Users/joeygough/Documents/sloeber-workspace/localServer/Release/arduino.ar(WString.cpp.o)
                0x00000000000075be                String::reserve(unsigned int)
 .text._ZN6String4copyEPKcj
                0x00000000000075e6       0x28 /Users/joeygough/Documents/sloeber-workspace/localServer/Release/arduino.ar(WString.cpp.o)
                0x00000000000075e6                String::copy(char const*, unsigned int)
 .text._ZN6StringC2EPKc
                0x000000000000760e       0x26 /Users/joeygough/Documents/sloeber-workspace/localServer/Release/arduino.ar(WString.cpp.o)
                0x000000000000760e                String::String(char const*)
                0x000000000000760e                String::String(char const*)
 .text._ZN6StringaSERKS_
                0x0000000000007634       0x20 /Users/joeygough/Documents/sloeber-workspace/localServer/Release/arduino.ar(WString.cpp.o)
                0x0000000000007634                String::operator=(String const&)
 .text._ZN6StringC2ERKS_
                0x0000000000007654       0x14 /Users/joeygough/Documents/sloeber-workspace/localServer/Release/arduino.ar(WString.cpp.o)
                0x0000000000007654                String::String(String const&)
                0x0000000000007654                String::String(String const&)
 .text._ZN6StringaSEPKc
                0x0000000000007668       0x22 /Users/joeygough/Documents/sloeber-workspace/localServer/Release/arduino.ar(WString.cpp.o)
                0x0000000000007668                String::operator=(char const*)
 .text._ZN6String6concatEPKcj
                0x000000000000768a       0x32 /Users/joeygough/Documents/sloeber-workspace/localServer/Release/arduino.ar(WString.cpp.o)
                0x000000000000768a                String::concat(char const*, unsigned int)
 .text._ZN6String6concatEc
                0x00000000000076bc       0x14 /Users/joeygough/Documents/sloeber-workspace/localServer/Release/arduino.ar(WString.cpp.o)
                0x00000000000076bc                String::concat(char)
 .text._ZplRK15StringSumHelperRK6String
                0x00000000000076d0       0x1c /Users/joeygough/Documents/sloeber-workspace/localServer/Release/arduino.ar(WString.cpp.o)
                0x00000000000076d0                operator+(StringSumHelper const&, String const&)
 .text._ZplRK15StringSumHelperPKc
                0x00000000000076ec       0x26 /Users/joeygough/Documents/sloeber-workspace/localServer/Release/arduino.ar(WString.cpp.o)
                0x00000000000076ec                operator+(StringSumHelper const&, char const*)
 .text._ZNK6String9compareToERKS_
                0x0000000000007712       0x3a /Users/joeygough/Documents/sloeber-workspace/localServer/Release/arduino.ar(WString.cpp.o)
                0x0000000000007712                String::compareTo(String const&) const
 .text._ZNK6String6equalsERKS_
                0x000000000000774c       0x1a /Users/joeygough/Documents/sloeber-workspace/localServer/Release/arduino.ar(WString.cpp.o)
                0x000000000000774c                String::equals(String const&) const
 .text._ZNK6String8endsWithERKS_
                0x0000000000007766       0x2a /Users/joeygough/Documents/sloeber-workspace/localServer/Release/arduino.ar(WString.cpp.o)
                0x0000000000007766                String::endsWith(String const&) const
 .text.Dummy_Handler
                0x0000000000007790        0x2 /Users/joeygough/Documents/sloeber-workspace/localServer/Release/arduino.ar(cortex_handlers.c.o)
                0x0000000000007790                SYSCTRL_Handler
                0x0000000000007790                HardFault_Handler
                0x0000000000007790                AC_Handler
                0x0000000000007790                PendSV_Handler
                0x0000000000007790                NMI_Handler
                0x0000000000007790                TC7_Handler
                0x0000000000007790                SERCOM1_Handler
                0x0000000000007790                ADC_Handler
                0x0000000000007790                TCC1_Handler
                0x0000000000007790                SERCOM2_Handler
                0x0000000000007790                TCC0_Handler
                0x0000000000007790                RTC_Handler
                0x0000000000007790                TC6_Handler
                0x0000000000007790                WDT_Handler
                0x0000000000007790                TC4_Handler
                0x0000000000007790                TC3_Handler
                0x0000000000007790                Dummy_Handler
                0x0000000000007790                PM_Handler
                0x0000000000007790                SVC_Handler
                0x0000000000007790                TCC2_Handler
                0x0000000000007790                EVSYS_Handler
                0x0000000000007790                SERCOM3_Handler
                0x0000000000007790                SERCOM4_Handler
                0x0000000000007790                I2S_Handler
                0x0000000000007790                NVMCTRL_Handler
                0x0000000000007790                SERCOM0_Handler
                0x0000000000007790                DAC_Handler
                0x0000000000007790                PTC_Handler
                0x0000000000007790                DMAC_Handler
 *fill*         0x0000000000007792        0x2 
 .text.USB_Handler
                0x0000000000007794       0x14 /Users/joeygough/Documents/sloeber-workspace/localServer/Release/arduino.ar(cortex_handlers.c.o)
                0x0000000000007794                USB_Handler
 .text.Reset_Handler
                0x00000000000077a8       0x54 /Users/joeygough/Documents/sloeber-workspace/localServer/Release/arduino.ar(cortex_handlers.c.o)
                0x00000000000077a8                Reset_Handler
 .text.SysTick_Handler
                0x00000000000077fc       0x10 /Users/joeygough/Documents/sloeber-workspace/localServer/Release/arduino.ar(cortex_handlers.c.o)
                0x00000000000077fc                SysTick_Handler
 .text.USB_SetHandler
                0x000000000000780c        0xc /Users/joeygough/Documents/sloeber-workspace/localServer/Release/arduino.ar(cortex_handlers.c.o)
                0x000000000000780c                USB_SetHandler
 .text.millis   0x0000000000007818        0xc /Users/joeygough/Documents/sloeber-workspace/localServer/Release/arduino.ar(delay.c.o)
                0x0000000000007818                millis
 .text.delay    0x0000000000007824       0x20 /Users/joeygough/Documents/sloeber-workspace/localServer/Release/arduino.ar(delay.c.o)
                0x0000000000007824                delay
 .text.SysTick_DefaultHandler
                0x0000000000007844       0x14 /Users/joeygough/Documents/sloeber-workspace/localServer/Release/arduino.ar(delay.c.o)
                0x0000000000007844                SysTick_DefaultHandler
 .text.__empty  0x0000000000007858        0x2 /Users/joeygough/Documents/sloeber-workspace/localServer/Release/arduino.ar(hooks.c.o)
                0x0000000000007858                yield
 .text.__false  0x000000000000785a        0x4 /Users/joeygough/Documents/sloeber-workspace/localServer/Release/arduino.ar(hooks.c.o)
                0x000000000000785a                sysTickHook
 .text._Z11initVariantv
                0x000000000000785e        0x2 /Users/joeygough/Documents/sloeber-workspace/localServer/Release/arduino.ar(main.cpp.o)
                0x000000000000785e                initVariant()
 .text.startup.main
                0x0000000000007860       0x40 /Users/joeygough/Documents/sloeber-workspace/localServer/Release/arduino.ar(main.cpp.o)
                0x0000000000007860                main
 .text._Znwj    0x00000000000078a0        0x8 /Users/joeygough/Documents/sloeber-workspace/localServer/Release/arduino.ar(new.cpp.o)
                0x00000000000078a0                operator new(unsigned int)
 .text._ZdlPv   0x00000000000078a8        0x8 /Users/joeygough/Documents/sloeber-workspace/localServer/Release/arduino.ar(new.cpp.o)
                0x00000000000078a8                operator delete(void*)
 .text.SystemInit
                0x00000000000078b0      0x168 /Users/joeygough/Documents/sloeber-workspace/localServer/Release/arduino.ar(startup.c.o)
                0x00000000000078b0                SystemInit
 .text.init     0x0000000000007a18       0xf0 /Users/joeygough/Documents/sloeber-workspace/localServer/Release/arduino.ar(wiring.c.o)
                0x0000000000007a18                init
 .text.mapResolution
                0x0000000000007b08       0x12 /Users/joeygough/Documents/sloeber-workspace/localServer/Release/arduino.ar(wiring_analog.c.o)
 *fill*         0x0000000000007b1a        0x2 
 .text.analogReference
                0x0000000000007b1c       0x5c /Users/joeygough/Documents/sloeber-workspace/localServer/Release/arduino.ar(wiring_analog.c.o)
                0x0000000000007b1c                analogReference
 .text.analogRead
                0x0000000000007b78       0xd4 /Users/joeygough/Documents/sloeber-workspace/localServer/Release/arduino.ar(wiring_analog.c.o)
                0x0000000000007b78                analogRead
 .text.pinMode  0x0000000000007c4c       0xb4 /Users/joeygough/Documents/sloeber-workspace/localServer/Release/arduino.ar(wiring_digital.c.o)
                0x0000000000007c4c                pinMode
 .text.digitalWrite
                0x0000000000007d00       0x60 /Users/joeygough/Documents/sloeber-workspace/localServer/Release/arduino.ar(wiring_digital.c.o)
                0x0000000000007d00                digitalWrite
 .text.pinPeripheral
                0x0000000000007d60       0xc4 /Users/joeygough/Documents/sloeber-workspace/localServer/Release/arduino.ar(wiring_private.c.o)
                0x0000000000007d60                pinPeripheral
 .text._ZN13PluggableUSB_12getInterfaceEPh
                0x0000000000007e24       0x2a /Users/joeygough/Documents/sloeber-workspace/localServer/Release/arduino.ar(PluggableUSB.cpp.o)
                0x0000000000007e24                PluggableUSB_::getInterface(unsigned char*)
 .text._ZN13PluggableUSB_13getDescriptorER8USBSetup
                0x0000000000007e4e       0x20 /Users/joeygough/Documents/sloeber-workspace/localServer/Release/arduino.ar(PluggableUSB.cpp.o)
                0x0000000000007e4e                PluggableUSB_::getDescriptor(USBSetup&)
 .text._ZN13PluggableUSB_12getShortNameEPc
                0x0000000000007e6e       0x1e /Users/joeygough/Documents/sloeber-workspace/localServer/Release/arduino.ar(PluggableUSB.cpp.o)
                0x0000000000007e6e                PluggableUSB_::getShortName(char*)
 .text._ZN13PluggableUSB_5setupER8USBSetup
                0x0000000000007e8c       0x24 /Users/joeygough/Documents/sloeber-workspace/localServer/Release/arduino.ar(PluggableUSB.cpp.o)
                0x0000000000007e8c                PluggableUSB_::setup(USBSetup&)
 .text._Z12PluggableUSBv
                0x0000000000007eb0       0x24 /Users/joeygough/Documents/sloeber-workspace/localServer/Release/arduino.ar(PluggableUSB.cpp.o)
                0x0000000000007eb0                PluggableUSB()
 .text._ZN10RingBufferC2Ev
                0x0000000000007ed4       0x16 /Users/joeygough/Documents/sloeber-workspace/localServer/Release/arduino.ar(RingBuffer.cpp.o)
                0x0000000000007ed4                RingBuffer::RingBuffer()
                0x0000000000007ed4                RingBuffer::RingBuffer()
 .text._ZN10RingBuffer10store_charEh
                0x0000000000007eea       0x16 /Users/joeygough/Documents/sloeber-workspace/localServer/Release/arduino.ar(RingBuffer.cpp.o)
                0x0000000000007eea                RingBuffer::store_char(unsigned char)
 .text._ZN10RingBuffer5clearEv
                0x0000000000007f00        0x8 /Users/joeygough/Documents/sloeber-workspace/localServer/Release/arduino.ar(RingBuffer.cpp.o)
                0x0000000000007f00                RingBuffer::clear()
 .text._ZN10RingBuffer9read_charEv
                0x0000000000007f08       0x1c /Users/joeygough/Documents/sloeber-workspace/localServer/Release/arduino.ar(RingBuffer.cpp.o)
                0x0000000000007f08                RingBuffer::read_char()
 .text._ZN10RingBuffer9availableEv
                0x0000000000007f24        0xc /Users/joeygough/Documents/sloeber-workspace/localServer/Release/arduino.ar(RingBuffer.cpp.o)
                0x0000000000007f24                RingBuffer::available()
 .text._ZN10RingBuffer17availableForStoreEv
                0x0000000000007f30       0x14 /Users/joeygough/Documents/sloeber-workspace/localServer/Release/arduino.ar(RingBuffer.cpp.o)
                0x0000000000007f30                RingBuffer::availableForStore()
 .text._ZN10RingBuffer4peekEv
                0x0000000000007f44       0x12 /Users/joeygough/Documents/sloeber-workspace/localServer/Release/arduino.ar(RingBuffer.cpp.o)
                0x0000000000007f44                RingBuffer::peek()
 .text._ZN10RingBuffer6isFullEv
                0x0000000000007f56       0x14 /Users/joeygough/Documents/sloeber-workspace/localServer/Release/arduino.ar(RingBuffer.cpp.o)
                0x0000000000007f56                RingBuffer::isFull()
 *fill*         0x0000000000007f6a        0x2 
 .text.__fpclassifyd
                0x0000000000007f6c       0x60 /Applications/sloeber.app/Contents/Eclipse/arduinoPlugin/packages/arduino/tools/arm-none-eabi-gcc/4.8.3-2014q1/bin/../lib/gcc/arm-none-eabi/4.8.3/../../../../arm-none-eabi/lib/armv6-m/libm.a(lib_a-s_fpclassify.o)
                0x0000000000007f6c                __fpclassifyd
 .text          0x0000000000007fcc       0x14 /Applications/sloeber.app/Contents/Eclipse/arduinoPlugin/packages/arduino/tools/arm-none-eabi-gcc/4.8.3-2014q1/bin/../lib/gcc/arm-none-eabi/4.8.3/armv6-m/libgcc.a(_thumb1_case_uqi.o)
                0x0000000000007fcc                __gnu_thumb1_case_uqi
 .text          0x0000000000007fe0       0x9c /Applications/sloeber.app/Contents/Eclipse/arduinoPlugin/packages/arduino/tools/arm-none-eabi-gcc/4.8.3-2014q1/bin/../lib/gcc/arm-none-eabi/4.8.3/armv6-m/libgcc.a(_udivsi3.o)
                0x0000000000007fe0                __udivsi3
                0x0000000000007fe0                __aeabi_uidiv
                0x0000000000008068                __aeabi_uidivmod
 .text          0x000000000000807c       0xc0 /Applications/sloeber.app/Contents/Eclipse/arduinoPlugin/packages/arduino/tools/arm-none-eabi-gcc/4.8.3-2014q1/bin/../lib/gcc/arm-none-eabi/4.8.3/armv6-m/libgcc.a(_divsi3.o)
                0x000000000000807c                __aeabi_idiv
                0x000000000000807c                __divsi3
                0x0000000000008128                __aeabi_idivmod
 .text          0x000000000000813c        0x4 /Applications/sloeber.app/Contents/Eclipse/arduinoPlugin/packages/arduino/tools/arm-none-eabi-gcc/4.8.3-2014q1/bin/../lib/gcc/arm-none-eabi/4.8.3/armv6-m/libgcc.a(_dvmd_tls.o)
                0x000000000000813c                __aeabi_ldiv0
                0x000000000000813c                __aeabi_idiv0
 .text          0x0000000000008140       0x7c /Applications/sloeber.app/Contents/Eclipse/arduinoPlugin/packages/arduino/tools/arm-none-eabi-gcc/4.8.3-2014q1/bin/../lib/gcc/arm-none-eabi/4.8.3/armv6-m/libgcc.a(_arm_cmpdf2.o)
                0x0000000000008140                __aeabi_cdrcmple
                0x0000000000008150                __aeabi_cdcmple
                0x0000000000008150                __aeabi_cdcmpeq
                0x0000000000008160                __aeabi_dcmpeq
                0x000000000000816c                __aeabi_dcmplt
                0x0000000000008180                __aeabi_dcmple
                0x0000000000008194                __aeabi_dcmpgt
                0x00000000000081a8                __aeabi_dcmpge
 .text          0x00000000000081bc      0x638 /Applications/sloeber.app/Contents/Eclipse/arduinoPlugin/packages/arduino/tools/arm-none-eabi-gcc/4.8.3-2014q1/bin/../lib/gcc/arm-none-eabi/4.8.3/armv6-m/libgcc.a(adddf3.o)
                0x00000000000081bc                __aeabi_dadd
 .text          0x00000000000087f4      0x648 /Applications/sloeber.app/Contents/Eclipse/arduinoPlugin/packages/arduino/tools/arm-none-eabi-gcc/4.8.3-2014q1/bin/../lib/gcc/arm-none-eabi/4.8.3/armv6-m/libgcc.a(divdf3.o)
                0x00000000000087f4                __aeabi_ddiv
 .text          0x0000000000008e3c       0x94 /Applications/sloeber.app/Contents/Eclipse/arduinoPlugin/packages/arduino/tools/arm-none-eabi-gcc/4.8.3-2014q1/bin/../lib/gcc/arm-none-eabi/4.8.3/armv6-m/libgcc.a(eqdf2.o)
                0x0000000000008e3c                __eqdf2
                0x0000000000008e3c                __nedf2
 .text          0x0000000000008ed0       0xfc /Applications/sloeber.app/Contents/Eclipse/arduinoPlugin/packages/arduino/tools/arm-none-eabi-gcc/4.8.3-2014q1/bin/../lib/gcc/arm-none-eabi/4.8.3/armv6-m/libgcc.a(gedf2.o)
                0x0000000000008ed0                __gtdf2
                0x0000000000008ed0                __gedf2
 .text          0x0000000000008fcc       0xfc /Applications/sloeber.app/Contents/Eclipse/arduinoPlugin/packages/arduino/tools/arm-none-eabi-gcc/4.8.3-2014q1/bin/../lib/gcc/arm-none-eabi/4.8.3/armv6-m/libgcc.a(ledf2.o)
                0x0000000000008fcc                __ltdf2
                0x0000000000008fcc                __ledf2
 .text          0x00000000000090c8      0x520 /Applications/sloeber.app/Contents/Eclipse/arduinoPlugin/packages/arduino/tools/arm-none-eabi-gcc/4.8.3-2014q1/bin/../lib/gcc/arm-none-eabi/4.8.3/armv6-m/libgcc.a(muldf3.o)
                0x00000000000090c8                __aeabi_dmul
 .text          0x00000000000095e8      0x654 /Applications/sloeber.app/Contents/Eclipse/arduinoPlugin/packages/arduino/tools/arm-none-eabi-gcc/4.8.3-2014q1/bin/../lib/gcc/arm-none-eabi/4.8.3/armv6-m/libgcc.a(subdf3.o)
                0x00000000000095e8                __aeabi_dsub
 .text          0x0000000000009c3c       0x68 /Applications/sloeber.app/Contents/Eclipse/arduinoPlugin/packages/arduino/tools/arm-none-eabi-gcc/4.8.3-2014q1/bin/../lib/gcc/arm-none-eabi/4.8.3/armv6-m/libgcc.a(fixdfsi.o)
                0x0000000000009c3c                __aeabi_d2iz
 .text          0x0000000000009ca4       0x68 /Applications/sloeber.app/Contents/Eclipse/arduinoPlugin/packages/arduino/tools/arm-none-eabi-gcc/4.8.3-2014q1/bin/../lib/gcc/arm-none-eabi/4.8.3/armv6-m/libgcc.a(floatunsidf.o)
                0x0000000000009ca4                __aeabi_ui2d
 .text          0x0000000000009d0c       0x3c /Applications/sloeber.app/Contents/Eclipse/arduinoPlugin/packages/arduino/tools/arm-none-eabi-gcc/4.8.3-2014q1/bin/../lib/gcc/arm-none-eabi/4.8.3/armv6-m/libgcc.a(_clzsi2.o)
                0x0000000000009d0c                __clzsi2
 .text.__aeabi_atexit
                0x0000000000009d48        0xe /Applications/sloeber.app/Contents/Eclipse/arduinoPlugin/packages/arduino/tools/arm-none-eabi-gcc/4.8.3-2014q1/bin/../lib/gcc/arm-none-eabi/4.8.3/../../../../arm-none-eabi/lib/armv6-m/libc_s.a(lib_a-aeabi_atexit.o)
                0x0000000000009d48                __aeabi_atexit
 *fill*         0x0000000000009d56        0x2 
 .text.__cxa_atexit
                0x0000000000009d58       0x20 /Applications/sloeber.app/Contents/Eclipse/arduinoPlugin/packages/arduino/tools/arm-none-eabi-gcc/4.8.3-2014q1/bin/../lib/gcc/arm-none-eabi/4.8.3/../../../../arm-none-eabi/lib/armv6-m/libc_s.a(lib_a-cxa_atexit.o)
                0x0000000000009d58                __cxa_atexit
 .text.__libc_init_array
                0x0000000000009d78       0x4c /Applications/sloeber.app/Contents/Eclipse/arduinoPlugin/packages/arduino/tools/arm-none-eabi-gcc/4.8.3-2014q1/bin/../lib/gcc/arm-none-eabi/4.8.3/../../../../arm-none-eabi/lib/armv6-m/libc_s.a(lib_a-init.o)
                0x0000000000009d78                __libc_init_array
 .text.malloc   0x0000000000009dc4       0x14 /Applications/sloeber.app/Contents/Eclipse/arduinoPlugin/packages/arduino/tools/arm-none-eabi-gcc/4.8.3-2014q1/bin/../lib/gcc/arm-none-eabi/4.8.3/../../../../arm-none-eabi/lib/armv6-m/libc_s.a(lib_a-malloc.o)
                0x0000000000009dc4                malloc
 .text.free     0x0000000000009dd8       0x14 /Applications/sloeber.app/Contents/Eclipse/arduinoPlugin/packages/arduino/tools/arm-none-eabi-gcc/4.8.3-2014q1/bin/../lib/gcc/arm-none-eabi/4.8.3/../../../../arm-none-eabi/lib/armv6-m/libc_s.a(lib_a-malloc.o)
                0x0000000000009dd8                free
 .text.memcpy   0x0000000000009dec       0x12 /Applications/sloeber.app/Contents/Eclipse/arduinoPlugin/packages/arduino/tools/arm-none-eabi-gcc/4.8.3-2014q1/bin/../lib/gcc/arm-none-eabi/4.8.3/../../../../arm-none-eabi/lib/armv6-m/libc_s.a(lib_a-memcpy-stub.o)
                0x0000000000009dec                memcpy
 .text.memmove  0x0000000000009dfe       0x32 /Applications/sloeber.app/Contents/Eclipse/arduinoPlugin/packages/arduino/tools/arm-none-eabi-gcc/4.8.3-2014q1/bin/../lib/gcc/arm-none-eabi/4.8.3/../../../../arm-none-eabi/lib/armv6-m/libc_s.a(lib_a-memmove.o)
                0x0000000000009dfe                memmove
 .text.memset   0x0000000000009e30       0x10 /Applications/sloeber.app/Contents/Eclipse/arduinoPlugin/packages/arduino/tools/arm-none-eabi-gcc/4.8.3-2014q1/bin/../lib/gcc/arm-none-eabi/4.8.3/../../../../arm-none-eabi/lib/armv6-m/libc_s.a(lib_a-memset.o)
                0x0000000000009e30                memset
 .text._free_r  0x0000000000009e40       0x90 /Applications/sloeber.app/Contents/Eclipse/arduinoPlugin/packages/arduino/tools/arm-none-eabi-gcc/4.8.3-2014q1/bin/../lib/gcc/arm-none-eabi/4.8.3/../../../../arm-none-eabi/lib/armv6-m/libc_s.a(lib_a-nano-freer.o)
                0x0000000000009e40                _free_r
 .text._malloc_r